5.254.65.25 - - [02/Apr/2018:11:13:19 +0400] "GET /public/notification/page/notSeen?page=0?size=10 HTTP/1.1" 200 424
18.221.195.79 - - [02/Apr/2018:11:13:21 +0400] "GET /sales/chatBot/getDocuments/4556?documentType=passport_copy HTTP/1.1" 200 167679
18.221.195.79 - - [02/Apr/2018:11:13:26 +0400] "GET /sales/chatBot/getDocuments/4556?documentType=passport_copy HTTP/1.1" 200 167679
80.83.30.179 - - [02/Apr/2018:11:13:28 +0400] "GET /public/notification/page/notSeen?page=0?size=10 HTTP/1.1" 200 416
178.52.227.110 - - [02/Apr/2018:11:13:30 +0400] "GET /sales/interviewsaleorder/saleladyworkorder HTTP/1.1" 200 661
178.52.227.110 - - [02/Apr/2018:11:13:41 +0400] "GET /sales/interviewsaleorder/saleladyworkorder HTTP/1.1" 200 661
94.47.23.195 - - [02/Apr/2018:11:13:44 +0400] "GET /public/notification/page/notSeen?page=0?size=10 HTTP/1.1" 200 451
178.52.227.110 - - [02/Apr/2018:11:13:52 +0400] "GET /sales/interviewsaleorder/saleladyworkorder HTTP/1.1" 200 661
80.83.30.179 - - [02/Apr/2018:11:14:01 +0400] "OPTIONS /public/notification/page/notSeen?page=0?size=10 HTTP/1.1" 200 5
80.83.30.179 - - [02/Apr/2018:11:14:01 +0400] "GET /public/notification/page/notSeen?page=0?size=10 HTTP/1.1" 200 416
178.52.227.110 - - [02/Apr/2018:11:14:03 +0400] "GET /sales/interviewsaleorder/saleladyworkorder HTTP/1.1" 200 661
178.52.227.110 - - [02/Apr/2018:11:14:14 +0400] "GET /sales/interviewsaleorder/saleladyworkorder HTTP/1.1" 200 660
178.52.227.110 - - [02/Apr/2018:11:14:16 +0400] "GET /public/notification/page/notSeen?page=0?size=10 HTTP/1.1" 200 432
5.254.65.25 - - [02/Apr/2018:11:14:19 +0400] "GET /public/notification/page/notSeen?page=0?size=10 HTTP/1.1" 200 424
178.52.227.110 - - [02/Apr/2018:11:14:25 +0400] "GET /sales/interviewsaleorder/saleladyworkorder HTTP/1.1" 200 660
80.83.30.179 - - [02/Apr/2018:11:14:28 +0400] "GET /public/notification/page/notSeen?page=0?size=10 HTTP/1.1" 200 416
178.52.227.110 - - [02/Apr/2018:11:14:36 +0400] "GET /sales/interviewsaleorder/saleladyworkorder HTTP/1.1" 200 660
46.53.13.65 - - [02/Apr/2018:11:14:38 +0400] "OPTIONS /public/notification/page/notSeen?page=0?size=10 HTTP/1.1" 200 5
46.53.13.65 - - [02/Apr/2018:11:14:38 +0400] "GET /public/notification/page/notSeen?page=0?size=10 HTTP/1.1" 200 451
94.47.23.195 - - [02/Apr/2018:11:14:43 +0400] "GET /public/notification/page/notSeen?page=0?size=10 HTTP/1.1" 200 451
94.47.23.195 - - [02/Apr/2018:11:14:45 +0400] "OPTIONS /accounting/pwo/officeStaffPwo?type=adeeb&date=2018-03-01 HTTP/1.1" 200 5
94.47.23.195 - - [02/Apr/2018:11:14:46 +0400] "GET /accounting/pwo/officeStaffPwo?type=adeeb&date=2018-03-01 HTTP/1.1" 200 54
178.52.227.110 - - [02/Apr/2018:11:14:47 +0400] "GET /sales/interviewsaleorder/saleladyworkorder HTTP/1.1" 200 660
94.47.23.195 - - [02/Apr/2018:11:14:52 +0400] "OPTIONS /accounting/pwo/officeStaffPwo?type=Ansari_WPS&date=2018-03-01 HTTP/1.1" 200 5
94.47.23.195 - - [02/Apr/2018:11:14:52 +0400] "GET /accounting/pwo/officeStaffPwo?type=Ansari_WPS&date=2018-03-01 HTTP/1.1" 200 6434
178.52.227.110 - - [02/Apr/2018:11:14:58 +0400] "GET /sales/interviewsaleorder/saleladyworkorder HTTP/1.1" 200 660
80.83.30.179 - - [02/Apr/2018:11:15:01 +0400] "GET /public/notification/page/notSeen?page=0?size=10 HTTP/1.1" 200 416
178.52.227.110 - - [02/Apr/2018:11:15:09 +0400] "GET /sales/interviewsaleorder/saleladyworkorder HTTP/1.1" 200 661
94.47.23.195 - - [02/Apr/2018:11:15:10 +0400] "OPTIONS /accounting//OfficestaffPayroll/filterOfficeStaff?page=0&size=20 HTTP/1.1" 200 5
94.47.23.195 - - [02/Apr/2018:11:15:10 +0400] "POST /accounting//OfficestaffPayroll/filterOfficeStaff?page=0&size=20 HTTP/1.1" 200 1464
94.47.23.195 - - [02/Apr/2018:11:15:13 +0400] "POST /accounting//OfficestaffPayroll/filterOfficeStaff?page=0&size=20 HTTP/1.1" 200 411
94.47.23.195 - - [02/Apr/2018:11:15:15 +0400] "OPTIONS /accounting/OfficestaffPayroll/47 HTTP/1.1" 200 5
94.47.23.195 - - [02/Apr/2018:11:15:15 +0400] "GET /accounting/OfficestaffPayroll/47 HTTP/1.1" 200 594
94.47.23.195 - - [02/Apr/2018:11:15:15 +0400] "GET /accounting/OfficestaffPayroll/47 HTTP/1.1" 200 594
178.52.227.110 - - [02/Apr/2018:11:15:16 +0400] "OPTIONS /public/notification/page/notSeen?page=0?size=10 HTTP/1.1" 200 5
178.52.227.110 - - [02/Apr/2018:11:15:16 +0400] "GET /public/notification/page/notSeen?page=0?size=10 HTTP/1.1" 200 432
5.254.65.25 - - [02/Apr/2018:11:15:19 +0400] "GET /public/notification/page/notSeen?page=0?size=10 HTTP/1.1" 200 424
178.52.227.110 - - [02/Apr/2018:11:15:20 +0400] "GET /sales/interviewsaleorder/saleladyworkorder HTTP/1.1" 200 661
80.83.30.179 - - [02/Apr/2018:11:15:28 +0400] "GET /public/notification/page/notSeen?page=0?size=10 HTTP/1.1" 200 416
178.52.227.110 - - [02/Apr/2018:11:15:31 +0400] "GET /sales/interviewsaleorder/saleladyworkorder HTTP/1.1" 200 661
178.52.227.110 - - [02/Apr/2018:11:15:42 +0400] "GET /sales/interviewsaleorder/saleladyworkorder HTTP/1.1" 200 661
94.47.23.195 - - [02/Apr/2018:11:15:43 +0400] "GET /public/notification/page/notSeen?page=0?size=10 HTTP/1.1" 200 451
178.52.227.110 - - [02/Apr/2018:11:15:53 +0400] "GET /sales/interviewsaleorder/saleladyworkorder HTTP/1.1" 200 661
80.83.30.179 - - [02/Apr/2018:11:16:01 +0400] "GET /public/notification/page/notSeen?page=0?size=10 HTTP/1.1" 200 416
178.52.227.110 - - [02/Apr/2018:11:16:04 +0400] "GET /sales/interviewsaleorder/saleladyworkorder HTTP/1.1" 200 661
178.52.227.110 - - [02/Apr/2018:11:16:15 +0400] "GET /sales/interviewsaleorder/saleladyworkorder HTTP/1.1" 200 661
178.52.227.110 - - [02/Apr/2018:11:16:15 +0400] "GET /public/notification/page/notSeen?page=0?size=10 HTTP/1.1" 200 432
5.254.65.25 - - [02/Apr/2018:11:16:19 +0400] "GET /public/notification/page/notSeen?page=0?size=10 HTTP/1.1" 200 424
77.44.193.128 - - [02/Apr/2018:11:16:21 +0400] "OPTIONS /public/notification/page/notSeen?page=0?size=10 HTTP/1.1" 200 5
77.44.193.128 - - [02/Apr/2018:11:16:21 +0400] "OPTIONS /public/notification/page/notSeen?page=0?size=10 HTTP/1.1" 200 5
77.44.193.128 - - [02/Apr/2018:11:16:21 +0400] "OPTIONS /public/notification/page/notSeen?page=0?size=10 HTTP/1.1" 200 5
77.44.193.128 - - [02/Apr/2018:11:16:21 +0400] "OPTIONS /public/notification/page/notSeen?page=0?size=10 HTTP/1.1" 200 5
77.44.193.128 - - [02/Apr/2018:11:16:21 +0400] "OPTIONS /public/notification/page/notSeen?page=0?size=10 HTTP/1.1" 200 5
77.44.193.128 - - [02/Apr/2018:11:16:21 +0400] "OPTIONS /public/notification/page/notSeen?page=0?size=10 HTTP/1.1" 200 5
77.44.193.128 - - [02/Apr/2018:11:16:22 +0400] "GET /public/notification/page/notSeen?page=0?size=10 HTTP/1.1" 200 451
77.44.193.128 - - [02/Apr/2018:11:16:22 +0400] "GET /public/notification/page/notSeen?page=0?size=10 HTTP/1.1" 200 451
77.44.193.128 - - [02/Apr/2018:11:16:22 +0400] "GET /public/notification/page/notSeen?page=0?size=10 HTTP/1.1" 200 451
77.44.193.128 - - [02/Apr/2018:11:16:22 +0400] "GET /public/notification/page/notSeen?page=0?size=10 HTTP/1.1" 200 451
77.44.193.128 - - [02/Apr/2018:11:16:22 +0400] "GET /public/notification/page/notSeen?page=0?size=10 HTTP/1.1" 200 451
77.44.193.128 - - [02/Apr/2018:11:16:22 +0400] "GET /public/notification/page/notSeen?page=0?size=10 HTTP/1.1" 200 451
178.52.227.110 - - [02/Apr/2018:11:16:26 +0400] "GET /sales/interviewsaleorder/saleladyworkorder HTTP/1.1" 200 661
80.83.30.179 - - [02/Apr/2018:11:16:28 +0400] "GET /public/notification/page/notSeen?page=0?size=10 HTTP/1.1" 200 416
178.52.227.110 - - [02/Apr/2018:11:16:37 +0400] "GET /sales/interviewsaleorder/saleladyworkorder HTTP/1.1" 200 661
94.47.23.195 - - [02/Apr/2018:11:16:43 +0400] "GET /public/notification/page/notSeen?page=0?size=10 HTTP/1.1" 200 451
178.52.227.110 - - [02/Apr/2018:11:16:48 +0400] "GET /sales/interviewsaleorder/saleladyworkorder HTTP/1.1" 200 661
178.52.227.110 - - [02/Apr/2018:11:16:59 +0400] "GET /sales/interviewsaleorder/saleladyworkorder HTTP/1.1" 200 661
80.83.30.179 - - [02/Apr/2018:11:17:01 +0400] "GET /public/notification/page/notSeen?page=0?size=10 HTTP/1.1" 200 416
178.52.227.110 - - [02/Apr/2018:11:17:10 +0400] "GET /sales/interviewsaleorder/saleladyworkorder HTTP/1.1" 200 661
178.52.227.110 - - [02/Apr/2018:11:17:16 +0400] "GET /public/notification/page/notSeen?page=0?size=10 HTTP/1.1" 200 432
77.44.193.128 - - [02/Apr/2018:11:17:18 +0400] "GET /public/notification/page/notSeen?page=0?size=10 HTTP/1.1" 200 451
77.44.193.128 - - [02/Apr/2018:11:17:18 +0400] "GET /public/notification/page/notSeen?page=0?size=10 HTTP/1.1" 200 451
77.44.193.128 - - [02/Apr/2018:11:17:18 +0400] "GET /public/notification/page/notSeen?page=0?size=10 HTTP/1.1" 200 451
77.44.193.128 - - [02/Apr/2018:11:17:18 +0400] "GET /public/notification/page/notSeen?page=0?size=10 HTTP/1.1" 200 451
46.53.13.65 - - [02/Apr/2018:11:17:18 +0400] "GET /public/notification/page/notSeen?page=0?size=10 HTTP/1.1" 200 451
77.44.193.128 - - [02/Apr/2018:11:17:19 +0400] "GET /public/notification/page/notSeen?page=0?size=10 HTTP/1.1" 200 451
5.254.65.25 - - [02/Apr/2018:11:17:19 +0400] "GET /public/notification/page/notSeen?page=0?size=10 HTTP/1.1" 200 424
77.44.193.128 - - [02/Apr/2018:11:17:21 +0400] "GET /public/notification/page/notSeen?page=0?size=10 HTTP/1.1" 200 451
178.52.227.110 - - [02/Apr/2018:11:17:21 +0400] "GET /sales/interviewsaleorder/saleladyworkorder HTTP/1.1" 200 661
80.83.30.179 - - [02/Apr/2018:11:17:28 +0400] "GET /public/notification/page/notSeen?page=0?size=10 HTTP/1.1" 200 416
178.52.227.110 - - [02/Apr/2018:11:17:32 +0400] "GET /sales/interviewsaleorder/saleladyworkorder HTTP/1.1" 200 661
94.47.23.195 - - [02/Apr/2018:11:17:43 +0400] "GET /public/notification/page/notSeen?page=0?size=10 HTTP/1.1" 200 451
178.52.227.110 - - [02/Apr/2018:11:17:43 +0400] "GET /sales/interviewsaleorder/saleladyworkorder HTTP/1.1" 200 661
178.52.227.110 - - [02/Apr/2018:11:17:54 +0400] "GET /sales/interviewsaleorder/saleladyworkorder HTTP/1.1" 200 661
80.83.30.179 - - [02/Apr/2018:11:18:01 +0400] "GET /public/notification/page/notSeen?page=0?size=10 HTTP/1.1" 200 416
178.52.227.110 - - [02/Apr/2018:11:18:05 +0400] "GET /sales/interviewsaleorder/saleladyworkorder HTTP/1.1" 200 661
95.159.11.50 - - [02/Apr/2018:11:18:07 +0400] "OPTIONS /public/login HTTP/1.1" 200 5
95.159.11.50 - - [02/Apr/2018:11:18:07 +0400] "GET /public/login HTTP/1.1" 200 345
95.159.11.50 - - [02/Apr/2018:11:18:10 +0400] "OPTIONS /public/module/myPermissions HTTP/1.1" 200 5
95.159.11.50 - - [02/Apr/2018:11:18:10 +0400] "OPTIONS /public/notification/page/notSeen?page=0?size=10 HTTP/1.1" 200 5
95.159.11.50 - - [02/Apr/2018:11:18:10 +0400] "OPTIONS /public/myself/ HTTP/1.1" 200 5
95.159.11.50 - - [02/Apr/2018:11:18:10 +0400] "GET /public/notification/page/notSeen?page=0?size=10 HTTP/1.1" 200 424
95.159.11.50 - - [02/Apr/2018:11:18:10 +0400] "GET /public/myself/ HTTP/1.1" 200 345
95.159.11.50 - - [02/Apr/2018:11:18:10 +0400] "GET /public/module/myPermissions HTTP/1.1" 200 10245
95.159.11.50 - - [02/Apr/2018:11:18:11 +0400] "OPTIONS /staffmgmt/housemaid/2050 HTTP/1.1" 200 5
95.159.11.50 - - [02/Apr/2018:11:18:11 +0400] "GET /staffmgmt/housemaid/2050 HTTP/1.1" 200 1795
95.159.11.50 - - [02/Apr/2018:11:18:12 +0400] "OPTIONS /staffmgmt/housemaiddetails/checkifreferetopendinglist?housemaidId=2050 HTTP/1.1" 200 5
95.159.11.50 - - [02/Apr/2018:11:18:12 +0400] "OPTIONS /staffmgmt/housemaid/activecontract/2050 HTTP/1.1" 200 5
95.159.11.50 - - [02/Apr/2018:11:18:12 +0400] "OPTIONS /staffmgmt/housemaiddetails/getwatchprogress?housemaidId=2050 HTTP/1.1" 200 5
95.159.11.50 - - [02/Apr/2018:11:18:12 +0400] "OPTIONS /staffmgmt//housemaiddetails/getLastVacation?housemaidId=2050 HTTP/1.1" 200 5
95.159.11.50 - - [02/Apr/2018:11:18:12 +0400] "OPTIONS /staffmgmt//housemaiddetails/getLatestPhoto?housemaidId=2050 HTTP/1.1" 200 5
95.159.11.50 - - [02/Apr/2018:11:18:12 +0400] "GET /staffmgmt/housemaiddetails/checkifreferetopendinglist?housemaidId=2050 HTTP/1.1" 200 50
95.159.11.50 - - [02/Apr/2018:11:18:12 +0400] "GET /staffmgmt//housemaiddetails/getLastVacation?housemaidId=2050 HTTP/1.1" 200 5
95.159.11.50 - - [02/Apr/2018:11:18:12 +0400] "GET /staffmgmt/housemaiddetails/getwatchprogress?housemaidId=2050 HTTP/1.1" 200 47
95.159.11.50 - - [02/Apr/2018:11:18:12 +0400] "GET /staffmgmt/housemaid/activecontract/2050 HTTP/1.1" 400 84
95.159.11.50 - - [02/Apr/2018:11:18:12 +0400] "GET /staffmgmt//housemaiddetails/getLatestPhoto?housemaidId=2050 HTTP/1.1" 200 435
95.159.11.50 - - [02/Apr/2018:11:18:12 +0400] "OPTIONS /staffmgmt/housemaiddocuments/file/96284 HTTP/1.1" 200 5
95.159.11.50 - - [02/Apr/2018:11:18:13 +0400] "GET /staffmgmt/housemaiddocuments/file/96284 HTTP/1.1" 200 1745
178.52.227.110 - - [02/Apr/2018:11:18:16 +0400] "GET /public/notification/page/notSeen?page=0?size=10 HTTP/1.1" 200 432
178.52.227.110 - - [02/Apr/2018:11:18:16 +0400] "GET /sales/interviewsaleorder/saleladyworkorder HTTP/1.1" 200 661
77.44.193.128 - - [02/Apr/2018:11:18:18 +0400] "GET /public/notification/page/notSeen?page=0?size=10 HTTP/1.1" 200 451
77.44.193.128 - - [02/Apr/2018:11:18:18 +0400] "GET /public/notification/page/notSeen?page=0?size=10 HTTP/1.1" 200 451
77.44.193.128 - - [02/Apr/2018:11:18:18 +0400] "GET /public/notification/page/notSeen?page=0?size=10 HTTP/1.1" 200 451
77.44.193.128 - - [02/Apr/2018:11:18:18 +0400] "GET /public/notification/page/notSeen?page=0?size=10 HTTP/1.1" 200 451
77.44.193.128 - - [02/Apr/2018:11:18:19 +0400] "GET /public/notification/page/notSeen?page=0?size=10 HTTP/1.1" 200 451
5.254.65.16 - - [02/Apr/2018:11:18:20 +0400] "GET /public/notification/page/notSeen?page=0?size=10 HTTP/1.1" 200 424
77.44.193.128 - - [02/Apr/2018:11:18:21 +0400] "GET /public/notification/page/notSeen?page=0?size=10 HTTP/1.1" 200 451
178.52.227.110 - - [02/Apr/2018:11:18:27 +0400] "GET /sales/interviewsaleorder/saleladyworkorder HTTP/1.1" 200 661
80.83.30.179 - - [02/Apr/2018:11:18:28 +0400] "OPTIONS /public/notification/page/notSeen?page=0?size=10 HTTP/1.1" 200 5
80.83.30.179 - - [02/Apr/2018:11:18:28 +0400] "GET /public/notification/page/notSeen?page=0?size=10 HTTP/1.1" 200 416
95.159.11.50 - - [02/Apr/2018:11:18:32 +0400] "OPTIONS /public/module/myPermissions HTTP/1.1" 200 5
95.159.11.50 - - [02/Apr/2018:11:18:32 +0400] "OPTIONS /public/notification/page/notSeen?page=0?size=10 HTTP/1.1" 200 5
95.159.11.50 - - [02/Apr/2018:11:18:32 +0400] "OPTIONS /public/myself/ HTTP/1.1" 200 5
95.159.11.50 - - [02/Apr/2018:11:18:32 +0400] "GET /public/notification/page/notSeen?page=0?size=10 HTTP/1.1" 200 424
95.159.11.50 - - [02/Apr/2018:11:18:32 +0400] "GET /public/myself/ HTTP/1.1" 200 345
95.159.11.50 - - [02/Apr/2018:11:18:32 +0400] "GET /public/module/myPermissions HTTP/1.1" 200 10245
95.159.11.50 - - [02/Apr/2018:11:18:33 +0400] "OPTIONS /staffmgmt/housemaid/2050 HTTP/1.1" 200 5
95.159.11.50 - - [02/Apr/2018:11:18:33 +0400] "OPTIONS /staffmgmt/housemaiddetails/checkifreferetopendinglist?housemaidId=2050 HTTP/1.1" 200 5
95.159.11.50 - - [02/Apr/2018:11:18:33 +0400] "OPTIONS /staffmgmt/housemaiddetails/getwatchprogress?housemaidId=2050 HTTP/1.1" 200 5
95.159.11.50 - - [02/Apr/2018:11:18:33 +0400] "OPTIONS /staffmgmt/housemaid/activecontract/2050 HTTP/1.1" 200 5
95.159.11.50 - - [02/Apr/2018:11:18:34 +0400] "OPTIONS /staffmgmt//housemaiddetails/getLastVacation?housemaidId=2050 HTTP/1.1" 200 5
95.159.11.50 - - [02/Apr/2018:11:18:34 +0400] "OPTIONS /staffmgmt//housemaiddetails/getLatestPhoto?housemaidId=2050 HTTP/1.1" 200 5
95.159.11.50 - - [02/Apr/2018:11:18:34 +0400] "GET /staffmgmt/housemaiddetails/checkifreferetopendinglist?housemaidId=2050 HTTP/1.1" 200 50
95.159.11.50 - - [02/Apr/2018:11:18:34 +0400] "GET /staffmgmt/housemaid/2050 HTTP/1.1" 200 1795
95.159.11.50 - - [02/Apr/2018:11:18:34 +0400] "GET /staffmgmt/housemaiddetails/getwatchprogress?housemaidId=2050 HTTP/1.1" 200 47
95.159.11.50 - - [02/Apr/2018:11:18:34 +0400] "GET /staffmgmt/housemaid/activecontract/2050 HTTP/1.1" 400 84
95.159.11.50 - - [02/Apr/2018:11:18:34 +0400] "GET /staffmgmt//housemaiddetails/getLastVacation?housemaidId=2050 HTTP/1.1" 200 5
95.159.11.50 - - [02/Apr/2018:11:18:34 +0400] "GET /staffmgmt//housemaiddetails/getLatestPhoto?housemaidId=2050 HTTP/1.1" 200 435
95.159.11.50 - - [02/Apr/2018:11:18:34 +0400] "OPTIONS /staffmgmt/housemaiddocuments/file/96284 HTTP/1.1" 200 5
95.159.11.50 - - [02/Apr/2018:11:18:35 +0400] "GET /staffmgmt/housemaiddocuments/file/96284 HTTP/1.1" 200 1745
178.52.227.110 - - [02/Apr/2018:11:18:38 +0400] "GET /sales/interviewsaleorder/saleladyworkorder HTTP/1.1" 200 661
5.0.160.240 - - [02/Apr/2018:11:18:40 +0400] "OPTIONS /public/module/myPermissions HTTP/1.1" 200 5
5.0.160.240 - - [02/Apr/2018:11:18:40 +0400] "OPTIONS /public/notification/page/notSeen?page=0?size=10 HTTP/1.1" 200 5
5.0.160.240 - - [02/Apr/2018:11:18:40 +0400] "OPTIONS /public/myself/ HTTP/1.1" 200 5
5.0.160.240 - - [02/Apr/2018:11:18:40 +0400] "GET /public/notification/page/notSeen?page=0?size=10 HTTP/1.1" 200 424
5.0.160.240 - - [02/Apr/2018:11:18:40 +0400] "GET /public/myself/ HTTP/1.1" 200 345
5.0.160.240 - - [02/Apr/2018:11:18:40 +0400] "GET /public/module/myPermissions HTTP/1.1" 200 10245
5.0.160.240 - - [02/Apr/2018:11:18:41 +0400] "OPTIONS /sales/interviewreceptionorder/pendingreceptionorders HTTP/1.1" 200 5
5.0.160.240 - - [02/Apr/2018:11:18:41 +0400] "GET /sales/interviewreceptionorder/pendingreceptionorders HTTP/1.1" 200 4446
94.47.23.195 - - [02/Apr/2018:11:18:43 +0400] "GET /public/notification/page/notSeen?page=0?size=10 HTTP/1.1" 200 451
178.52.227.110 - - [02/Apr/2018:11:18:49 +0400] "GET /sales/interviewsaleorder/saleladyworkorder HTTP/1.1" 200 661
5.0.160.240 - - [02/Apr/2018:11:18:50 +0400] "OPTIONS /clientmgmt/client/24907 HTTP/1.1" 200 5
5.0.160.240 - - [02/Apr/2018:11:18:50 +0400] "OPTIONS /public/picklist/items/root/cities/uae HTTP/1.1" 200 5
5.0.160.240 - - [02/Apr/2018:11:18:50 +0400] "OPTIONS /clientmgmt/contract/remaininghousing HTTP/1.1" 200 5
5.0.160.240 - - [02/Apr/2018:11:18:50 +0400] "OPTIONS /public/picklist/items/ClientHeardAboutUs HTTP/1.1" 200 5
5.0.160.240 - - [02/Apr/2018:11:18:50 +0400] "OPTIONS /clientmgmt/client/24907 HTTP/1.1" 200 5
5.0.160.240 - - [02/Apr/2018:11:18:50 +0400] "OPTIONS /public/picklist/items/countries/tag/phoneCode HTTP/1.1" 200 5
5.0.160.240 - - [02/Apr/2018:11:18:50 +0400] "OPTIONS /public/picklist/items/cities/tag/phoneCode HTTP/1.1" 200 5
5.0.160.240 - - [02/Apr/2018:11:18:50 +0400] "GET /clientmgmt/client/24907 HTTP/1.1" 200 519
5.0.160.240 - - [02/Apr/2018:11:18:50 +0400] "GET /clientmgmt/contract/remaininghousing HTTP/1.1" 200 52
5.0.160.240 - - [02/Apr/2018:11:18:50 +0400] "GET /public/picklist/items/root/cities/uae HTTP/1.1" 200 409
5.0.160.240 - - [02/Apr/2018:11:18:50 +0400] "GET /public/picklist/items/ClientHeardAboutUs HTTP/1.1" 200 526
5.0.160.240 - - [02/Apr/2018:11:18:50 +0400] "GET /public/picklist/items/countries/tag/phoneCode HTTP/1.1" 200 2628
5.0.160.240 - - [02/Apr/2018:11:18:50 +0400] "GET /clientmgmt/client/24907 HTTP/1.1" 200 519
5.0.160.240 - - [02/Apr/2018:11:18:51 +0400] "GET /public/picklist/items/cities/tag/phoneCode HTTP/1.1" 200 12524
5.0.160.240 - - [02/Apr/2018:11:18:59 +0400] "OPTIONS /public/module/myPermissions HTTP/1.1" 200 5
5.0.160.240 - - [02/Apr/2018:11:18:59 +0400] "OPTIONS /public/notification/page/notSeen?page=0?size=10 HTTP/1.1" 200 5
5.0.160.240 - - [02/Apr/2018:11:18:59 +0400] "OPTIONS /public/myself/ HTTP/1.1" 200 5
5.0.160.240 - - [02/Apr/2018:11:18:59 +0400] "GET /public/notification/page/notSeen?page=0?size=10 HTTP/1.1" 200 424
5.0.160.240 - - [02/Apr/2018:11:18:59 +0400] "GET /public/myself/ HTTP/1.1" 200 345
5.0.160.240 - - [02/Apr/2018:11:18:59 +0400] "GET /public/module/myPermissions HTTP/1.1" 200 10245
5.0.160.240 - - [02/Apr/2018:11:18:59 +0400] "OPTIONS /clientmgmt/client/24907 HTTP/1.1" 200 5
5.0.160.240 - - [02/Apr/2018:11:18:59 +0400] "OPTIONS /public/picklist/items/root/cities/uae HTTP/1.1" 200 5
5.0.160.240 - - [02/Apr/2018:11:18:59 +0400] "OPTIONS /clientmgmt/contract/remaininghousing HTTP/1.1" 200 5
5.0.160.240 - - [02/Apr/2018:11:18:59 +0400] "OPTIONS /public/picklist/items/ClientHeardAboutUs HTTP/1.1" 200 5
5.0.160.240 - - [02/Apr/2018:11:18:59 +0400] "OPTIONS /clientmgmt/client/24907 HTTP/1.1" 200 5
5.0.160.240 - - [02/Apr/2018:11:18:59 +0400] "OPTIONS /public/picklist/items/countries/tag/phoneCode HTTP/1.1" 200 5
5.0.160.240 - - [02/Apr/2018:11:18:59 +0400] "OPTIONS /public/picklist/items/cities/tag/phoneCode HTTP/1.1" 200 5
5.0.160.240 - - [02/Apr/2018:11:19:00 +0400] "GET /clientmgmt/contract/remaininghousing HTTP/1.1" 200 52
5.0.160.240 - - [02/Apr/2018:11:19:00 +0400] "GET /public/picklist/items/root/cities/uae HTTP/1.1" 200 409
5.0.160.240 - - [02/Apr/2018:11:19:00 +0400] "GET /public/picklist/items/ClientHeardAboutUs HTTP/1.1" 200 526
5.0.160.240 - - [02/Apr/2018:11:19:00 +0400] "GET /clientmgmt/client/24907 HTTP/1.1" 200 519
5.0.160.240 - - [02/Apr/2018:11:19:00 +0400] "GET /clientmgmt/client/24907 HTTP/1.1" 200 519
5.0.160.240 - - [02/Apr/2018:11:19:00 +0400] "GET /public/picklist/items/countries/tag/phoneCode HTTP/1.1" 200 2628
5.0.160.240 - - [02/Apr/2018:11:19:00 +0400] "GET /public/picklist/items/cities/tag/phoneCode HTTP/1.1" 200 12524
178.52.227.110 - - [02/Apr/2018:11:19:00 +0400] "GET /sales/interviewsaleorder/saleladyworkorder HTTP/1.1" 200 661
80.83.30.179 - - [02/Apr/2018:11:19:01 +0400] "GET /public/notification/page/notSeen?page=0?size=10 HTTP/1.1" 200 416
5.0.160.240 - - [02/Apr/2018:11:19:04 +0400] "OPTIONS /clientmgmt/contract/availablehousemaids?searchKey=&_=1522653538715 HTTP/1.1" 200 5
5.0.160.240 - - [02/Apr/2018:11:19:04 +0400] "GET /clientmgmt/contract/availablehousemaids?searchKey=&_=1522653538715 HTTP/1.1" 200 855
5.0.160.240 - - [02/Apr/2018:11:19:09 +0400] "OPTIONS /clientmgmt/contract/availablehousemaids?searchKey=&_=1522653538716 HTTP/1.1" 200 5
5.0.160.240 - - [02/Apr/2018:11:19:10 +0400] "GET /clientmgmt/contract/availablehousemaids?searchKey=&_=1522653538716 HTTP/1.1" 200 855
178.52.227.110 - - [02/Apr/2018:11:19:11 +0400] "GET /sales/interviewsaleorder/saleladyworkorder HTTP/1.1" 200 661
5.0.160.240 - - [02/Apr/2018:11:19:13 +0400] "OPTIONS /clientmgmt/contract/availablehousemaids?searchKey=&_=1522653538717 HTTP/1.1" 200 5
5.0.160.240 - - [02/Apr/2018:11:19:13 +0400] "GET /clientmgmt/contract/availablehousemaids?searchKey=&_=1522653538717 HTTP/1.1" 200 855
178.52.227.110 - - [02/Apr/2018:11:19:16 +0400] "GET /public/notification/page/notSeen?page=0?size=10 HTTP/1.1" 200 432
77.44.193.128 - - [02/Apr/2018:11:19:18 +0400] "GET /public/notification/page/notSeen?page=0?size=10 HTTP/1.1" 200 451
77.44.193.128 - - [02/Apr/2018:11:19:18 +0400] "GET /public/notification/page/notSeen?page=0?size=10 HTTP/1.1" 200 451
77.44.193.128 - - [02/Apr/2018:11:19:18 +0400] "GET /public/notification/page/notSeen?page=0?size=10 HTTP/1.1" 200 451
77.44.193.128 - - [02/Apr/2018:11:19:19 +0400] "GET /public/notification/page/notSeen?page=0?size=10 HTTP/1.1" 200 451
77.44.193.128 - - [02/Apr/2018:11:19:19 +0400] "GET /public/notification/page/notSeen?page=0?size=10 HTTP/1.1" 200 451
5.254.65.16 - - [02/Apr/2018:11:19:19 +0400] "GET /public/notification/page/notSeen?page=0?size=10 HTTP/1.1" 200 424
77.44.193.128 - - [02/Apr/2018:11:19:21 +0400] "GET /public/notification/page/notSeen?page=0?size=10 HTTP/1.1" 200 451
178.52.227.110 - - [02/Apr/2018:11:19:22 +0400] "OPTIONS /sales/interviewsaleorder/saleladyworkorder HTTP/1.1" 200 5
178.52.227.110 - - [02/Apr/2018:11:19:22 +0400] "GET /sales/interviewsaleorder/saleladyworkorder HTTP/1.1" 200 661
95.159.11.50 - - [02/Apr/2018:11:19:23 +0400] "OPTIONS /accounting/revenues/page/?page=0&size=20 HTTP/1.1" 200 5
95.159.11.50 - - [02/Apr/2018:11:19:23 +0400] "GET /accounting/revenues/page/?page=0&size=20 HTTP/1.1" 200 838
80.83.30.179 - - [02/Apr/2018:11:19:28 +0400] "GET /public/notification/page/notSeen?page=0?size=10 HTTP/1.1" 200 416
95.159.11.50 - - [02/Apr/2018:11:19:31 +0400] "OPTIONS /public/notification/page/notSeen?page=0?size=10 HTTP/1.1" 200 5
95.159.11.50 - - [02/Apr/2018:11:19:32 +0400] "GET /public/notification/page/notSeen?page=0?size=10 HTTP/1.1" 200 424
178.52.227.110 - - [02/Apr/2018:11:19:33 +0400] "GET /sales/interviewsaleorder/saleladyworkorder HTTP/1.1" 200 661
5.0.160.240 - - [02/Apr/2018:11:19:39 +0400] "OPTIONS /public/module/myPermissions HTTP/1.1" 200 5
5.0.160.240 - - [02/Apr/2018:11:19:39 +0400] "OPTIONS /public/notification/page/notSeen?page=0?size=10 HTTP/1.1" 200 5
5.0.160.240 - - [02/Apr/2018:11:19:39 +0400] "OPTIONS /public/myself/ HTTP/1.1" 200 5
5.0.160.240 - - [02/Apr/2018:11:19:40 +0400] "GET /public/notification/page/notSeen?page=0?size=10 HTTP/1.1" 200 424
5.0.160.240 - - [02/Apr/2018:11:19:40 +0400] "GET /public/myself/ HTTP/1.1" 200 345
5.0.160.240 - - [02/Apr/2018:11:19:40 +0400] "GET /public/module/myPermissions HTTP/1.1" 200 10245
5.0.160.240 - - [02/Apr/2018:11:19:40 +0400] "OPTIONS /clientmgmt/client/24907 HTTP/1.1" 200 5
5.0.160.240 - - [02/Apr/2018:11:19:40 +0400] "OPTIONS /public/picklist/items/root/cities/uae HTTP/1.1" 200 5
5.0.160.240 - - [02/Apr/2018:11:19:40 +0400] "OPTIONS /clientmgmt/contract/remaininghousing HTTP/1.1" 200 5
5.0.160.240 - - [02/Apr/2018:11:19:40 +0400] "OPTIONS /public/picklist/items/ClientHeardAboutUs HTTP/1.1" 200 5
5.0.160.240 - - [02/Apr/2018:11:19:40 +0400] "OPTIONS /clientmgmt/client/24907 HTTP/1.1" 200 5
5.0.160.240 - - [02/Apr/2018:11:19:40 +0400] "OPTIONS /public/picklist/items/countries/tag/phoneCode HTTP/1.1" 200 5
5.0.160.240 - - [02/Apr/2018:11:19:40 +0400] "OPTIONS /public/picklist/items/cities/tag/phoneCode HTTP/1.1" 200 5
5.0.160.240 - - [02/Apr/2018:11:19:40 +0400] "GET /public/picklist/items/root/cities/uae HTTP/1.1" 200 409
5.0.160.240 - - [02/Apr/2018:11:19:40 +0400] "GET /clientmgmt/client/24907 HTTP/1.1" 200 519
5.0.160.240 - - [02/Apr/2018:11:19:40 +0400] "GET /clientmgmt/contract/remaininghousing HTTP/1.1" 200 52
5.0.160.240 - - [02/Apr/2018:11:19:40 +0400] "GET /clientmgmt/client/24907 HTTP/1.1" 200 519
5.0.160.240 - - [02/Apr/2018:11:19:40 +0400] "GET /public/picklist/items/ClientHeardAboutUs HTTP/1.1" 200 526
5.0.160.240 - - [02/Apr/2018:11:19:40 +0400] "GET /public/picklist/items/countries/tag/phoneCode HTTP/1.1" 200 2628
5.0.160.240 - - [02/Apr/2018:11:19:41 +0400] "GET /public/picklist/items/cities/tag/phoneCode HTTP/1.1" 200 12524
5.0.160.240 - - [02/Apr/2018:11:19:43 +0400] "OPTIONS /clientmgmt/contract/availablehousemaids?searchKey=&_=1522653579041 HTTP/1.1" 200 5
94.47.23.195 - - [02/Apr/2018:11:19:43 +0400] "OPTIONS /public/notification/page/notSeen?page=0?size=10 HTTP/1.1" 200 5
5.0.160.240 - - [02/Apr/2018:11:19:43 +0400] "GET /clientmgmt/contract/availablehousemaids?searchKey=&_=1522653579041 HTTP/1.1" 200 855
94.47.23.195 - - [02/Apr/2018:11:19:43 +0400] "GET /public/notification/page/notSeen?page=0?size=10 HTTP/1.1" 200 451
178.52.227.110 - - [02/Apr/2018:11:19:44 +0400] "GET /sales/interviewsaleorder/saleladyworkorder HTTP/1.1" 200 661
178.52.227.110 - - [02/Apr/2018:11:19:55 +0400] "GET /sales/interviewsaleorder/saleladyworkorder HTTP/1.1" 200 661
18.216.109.48 - - [02/Apr/2018:11:19:59 +0400] "GET /sales/chatBot/getTodayWarningLetters HTTP/1.1" 200 13
80.83.30.179 - - [02/Apr/2018:11:20:01 +0400] "GET /public/notification/page/notSeen?page=0?size=10 HTTP/1.1" 200 416
178.52.227.110 - - [02/Apr/2018:11:20:06 +0400] "GET /sales/interviewsaleorder/saleladyworkorder HTTP/1.1" 200 661
5.0.160.240 - - [02/Apr/2018:11:20:12 +0400] "OPTIONS /public/module/myPermissions HTTP/1.1" 200 5
5.0.160.240 - - [02/Apr/2018:11:20:12 +0400] "OPTIONS /public/notification/page/notSeen?page=0?size=10 HTTP/1.1" 200 5
5.0.160.240 - - [02/Apr/2018:11:20:12 +0400] "OPTIONS /public/myself/ HTTP/1.1" 200 5
5.0.160.240 - - [02/Apr/2018:11:20:12 +0400] "GET /public/notification/page/notSeen?page=0?size=10 HTTP/1.1" 200 424
5.0.160.240 - - [02/Apr/2018:11:20:12 +0400] "GET /public/myself/ HTTP/1.1" 200 345
5.0.160.240 - - [02/Apr/2018:11:20:12 +0400] "GET /public/module/myPermissions HTTP/1.1" 200 10245
5.0.160.240 - - [02/Apr/2018:11:20:12 +0400] "OPTIONS /clientmgmt/client/24907 HTTP/1.1" 200 5
5.0.160.240 - - [02/Apr/2018:11:20:12 +0400] "OPTIONS /public/picklist/items/root/cities/uae HTTP/1.1" 200 5
5.0.160.240 - - [02/Apr/2018:11:20:12 +0400] "OPTIONS /clientmgmt/contract/remaininghousing HTTP/1.1" 200 5
5.0.160.240 - - [02/Apr/2018:11:20:12 +0400] "OPTIONS /public/picklist/items/ClientHeardAboutUs HTTP/1.1" 200 5
5.0.160.240 - - [02/Apr/2018:11:20:12 +0400] "OPTIONS /clientmgmt/client/24907 HTTP/1.1" 200 5
5.0.160.240 - - [02/Apr/2018:11:20:12 +0400] "OPTIONS /public/picklist/items/countries/tag/phoneCode HTTP/1.1" 200 5
5.0.160.240 - - [02/Apr/2018:11:20:12 +0400] "OPTIONS /public/picklist/items/cities/tag/phoneCode HTTP/1.1" 200 5
5.0.160.240 - - [02/Apr/2018:11:20:13 +0400] "GET /public/picklist/items/ClientHeardAboutUs HTTP/1.1" 200 526
5.0.160.240 - - [02/Apr/2018:11:20:13 +0400] "GET /clientmgmt/client/24907 HTTP/1.1" 200 519
5.0.160.240 - - [02/Apr/2018:11:20:13 +0400] "GET /clientmgmt/client/24907 HTTP/1.1" 200 519
5.0.160.240 - - [02/Apr/2018:11:20:13 +0400] "GET /public/picklist/items/root/cities/uae HTTP/1.1" 200 409
5.0.160.240 - - [02/Apr/2018:11:20:13 +0400] "GET /clientmgmt/contract/remaininghousing HTTP/1.1" 200 52
5.0.160.240 - - [02/Apr/2018:11:20:13 +0400] "GET /public/picklist/items/countries/tag/phoneCode HTTP/1.1" 200 2628
5.0.160.240 - - [02/Apr/2018:11:20:13 +0400] "GET /public/picklist/items/cities/tag/phoneCode HTTP/1.1" 200 12524
5.0.160.240 - - [02/Apr/2018:11:20:15 +0400] "OPTIONS /clientmgmt/contract/availablehousemaids?searchKey=&_=1522653611511 HTTP/1.1" 200 5
5.0.160.240 - - [02/Apr/2018:11:20:16 +0400] "GET /clientmgmt/contract/availablehousemaids?searchKey=&_=1522653611511 HTTP/1.1" 200 855
178.52.227.110 - - [02/Apr/2018:11:20:16 +0400] "GET /public/notification/page/notSeen?page=0?size=10 HTTP/1.1" 200 432
178.52.227.110 - - [02/Apr/2018:11:20:17 +0400] "GET /sales/interviewsaleorder/saleladyworkorder HTTP/1.1" 200 661
5.0.160.240 - - [02/Apr/2018:11:20:18 +0400] "OPTIONS /clientmgmt/contract/availablehousemaids?searchKey=&_=1522653611512 HTTP/1.1" 200 5
5.0.160.240 - - [02/Apr/2018:11:20:19 +0400] "GET /clientmgmt/contract/availablehousemaids?searchKey=&_=1522653611512 HTTP/1.1" 200 855
5.254.65.16 - - [02/Apr/2018:11:20:19 +0400] "OPTIONS /public/notification/page/notSeen?page=0?size=10 HTTP/1.1" 200 5
5.254.65.16 - - [02/Apr/2018:11:20:20 +0400] "GET /public/notification/page/notSeen?page=0?size=10 HTTP/1.1" 200 424
5.0.160.240 - - [02/Apr/2018:11:20:22 +0400] "OPTIONS /clientmgmt/contract/availablehousemaids?searchKey=&_=1522653611513 HTTP/1.1" 200 5
5.0.160.240 - - [02/Apr/2018:11:20:22 +0400] "GET /clientmgmt/contract/availablehousemaids?searchKey=&_=1522653611513 HTTP/1.1" 200 855
80.83.30.179 - - [02/Apr/2018:11:20:28 +0400] "GET /public/notification/page/notSeen?page=0?size=10 HTTP/1.1" 200 416
178.52.227.110 - - [02/Apr/2018:11:20:28 +0400] "GET /sales/interviewsaleorder/saleladyworkorder HTTP/1.1" 200 661
95.159.11.50 - - [02/Apr/2018:11:20:31 +0400] "OPTIONS /public/notification/page/notSeen?page=0?size=10 HTTP/1.1" 200 5
95.159.11.50 - - [02/Apr/2018:11:20:32 +0400] "GET /public/notification/page/notSeen?page=0?size=10 HTTP/1.1" 200 424
46.53.13.65 - - [02/Apr/2018:11:20:36 +0400] "GET /public/notification/page/notSeen?page=0?size=10 HTTP/1.1" 200 451
178.52.227.110 - - [02/Apr/2018:11:20:39 +0400] "GET /sales/interviewsaleorder/saleladyworkorder HTTP/1.1" 200 661
94.47.23.195 - - [02/Apr/2018:11:20:43 +0400] "GET /public/notification/page/notSeen?page=0?size=10 HTTP/1.1" 200 451
5.0.160.240 - - [02/Apr/2018:11:20:43 +0400] "OPTIONS /clientmgmt/contract/availablehousemaids?searchKey=&_=1522653611514 HTTP/1.1" 200 5
5.0.160.240 - - [02/Apr/2018:11:20:44 +0400] "GET /clientmgmt/contract/availablehousemaids?searchKey=&_=1522653611514 HTTP/1.1" 200 855
178.52.227.110 - - [02/Apr/2018:11:20:50 +0400] "GET /sales/interviewsaleorder/saleladyworkorder HTTP/1.1" 200 661
5.0.160.240 - - [02/Apr/2018:11:20:57 +0400] "OPTIONS /public/module/myPermissions HTTP/1.1" 200 5
5.0.160.240 - - [02/Apr/2018:11:20:57 +0400] "OPTIONS /public/notification/page/notSeen?page=0?size=10 HTTP/1.1" 200 5
5.0.160.240 - - [02/Apr/2018:11:20:57 +0400] "OPTIONS /public/myself/ HTTP/1.1" 200 5
5.0.160.240 - - [02/Apr/2018:11:20:57 +0400] "GET /public/module/myPermissions HTTP/1.1" 200 10245
5.0.160.240 - - [02/Apr/2018:11:20:57 +0400] "GET /public/notification/page/notSeen?page=0?size=10 HTTP/1.1" 200 424
5.0.160.240 - - [02/Apr/2018:11:20:57 +0400] "GET /public/myself/ HTTP/1.1" 200 345
5.0.160.240 - - [02/Apr/2018:11:20:57 +0400] "OPTIONS /clientmgmt/client/24907 HTTP/1.1" 200 5
5.0.160.240 - - [02/Apr/2018:11:20:57 +0400] "OPTIONS /public/picklist/items/root/cities/uae HTTP/1.1" 200 5
5.0.160.240 - - [02/Apr/2018:11:20:57 +0400] "OPTIONS /clientmgmt/contract/remaininghousing HTTP/1.1" 200 5
5.0.160.240 - - [02/Apr/2018:11:20:57 +0400] "OPTIONS /public/picklist/items/ClientHeardAboutUs HTTP/1.1" 200 5
5.0.160.240 - - [02/Apr/2018:11:20:57 +0400] "OPTIONS /clientmgmt/client/24907 HTTP/1.1" 200 5
5.0.160.240 - - [02/Apr/2018:11:20:57 +0400] "OPTIONS /public/picklist/items/countries/tag/phoneCode HTTP/1.1" 200 5
5.0.160.240 - - [02/Apr/2018:11:20:57 +0400] "OPTIONS /public/picklist/items/cities/tag/phoneCode HTTP/1.1" 200 5
5.0.160.240 - - [02/Apr/2018:11:20:58 +0400] "GET /public/picklist/items/root/cities/uae HTTP/1.1" 200 409
5.0.160.240 - - [02/Apr/2018:11:20:58 +0400] "GET /clientmgmt/client/24907 HTTP/1.1" 200 519
5.0.160.240 - - [02/Apr/2018:11:20:58 +0400] "GET /clientmgmt/contract/remaininghousing HTTP/1.1" 200 52
5.0.160.240 - - [02/Apr/2018:11:20:58 +0400] "GET /public/picklist/items/ClientHeardAboutUs HTTP/1.1" 200 526
5.0.160.240 - - [02/Apr/2018:11:20:58 +0400] "GET /clientmgmt/client/24907 HTTP/1.1" 200 519
5.0.160.240 - - [02/Apr/2018:11:20:58 +0400] "GET /public/picklist/items/countries/tag/phoneCode HTTP/1.1" 200 2628
5.0.160.240 - - [02/Apr/2018:11:20:58 +0400] "GET /public/picklist/items/cities/tag/phoneCode HTTP/1.1" 200 12524
5.0.160.240 - - [02/Apr/2018:11:21:00 +0400] "OPTIONS /clientmgmt/contract/availablehousemaids?searchKey=&_=1522653656714 HTTP/1.1" 200 5
5.0.160.240 - - [02/Apr/2018:11:21:00 +0400] "GET /clientmgmt/contract/availablehousemaids?searchKey=&_=1522653656714 HTTP/1.1" 200 855
80.83.30.179 - - [02/Apr/2018:11:21:01 +0400] "GET /public/notification/page/notSeen?page=0?size=10 HTTP/1.1" 200 416
178.52.227.110 - - [02/Apr/2018:11:21:01 +0400] "GET /sales/interviewsaleorder/saleladyworkorder HTTP/1.1" 200 661
5.0.160.240 - - [02/Apr/2018:11:21:02 +0400] "OPTIONS /clientmgmt/contract/availablehousemaids?searchKey=&_=1522653656715 HTTP/1.1" 200 5
5.0.160.240 - - [02/Apr/2018:11:21:03 +0400] "GET /clientmgmt/contract/availablehousemaids?searchKey=&_=1522653656715 HTTP/1.1" 200 855
95.159.11.50 - - [02/Apr/2018:11:21:10 +0400] "OPTIONS /accounting/expenses/page/searchExpenses?page=0&size=20&search= HTTP/1.1" 200 5
95.159.11.50 - - [02/Apr/2018:11:21:11 +0400] "GET /accounting/expenses/page/searchExpenses?page=0&size=20&search= HTTP/1.1" 200 1060
178.52.227.110 - - [02/Apr/2018:11:21:12 +0400] "GET /sales/interviewsaleorder/saleladyworkorder HTTP/1.1" 200 661
95.159.11.50 - - [02/Apr/2018:11:21:14 +0400] "OPTIONS /accounting/revenues/page/?page=0&size=20 HTTP/1.1" 200 5
95.159.11.50 - - [02/Apr/2018:11:21:14 +0400] "GET /accounting/revenues/page/?page=0&size=20 HTTP/1.1" 200 838
178.52.227.110 - - [02/Apr/2018:11:21:16 +0400] "GET /public/notification/page/notSeen?page=0?size=10 HTTP/1.1" 200 432
5.254.65.16 - - [02/Apr/2018:11:21:19 +0400] "GET /public/notification/page/notSeen?page=0?size=10 HTTP/1.1" 200 424
178.52.227.110 - - [02/Apr/2018:11:21:23 +0400] "GET /sales/interviewsaleorder/saleladyworkorder HTTP/1.1" 200 661
80.83.30.179 - - [02/Apr/2018:11:21:28 +0400] "GET /public/notification/page/notSeen?page=0?size=10 HTTP/1.1" 200 416
95.159.11.50 - - [02/Apr/2018:11:21:31 +0400] "OPTIONS /public/notification/page/notSeen?page=0?size=10 HTTP/1.1" 200 5
95.159.11.50 - - [02/Apr/2018:11:21:32 +0400] "GET /public/notification/page/notSeen?page=0?size=10 HTTP/1.1" 200 424
178.52.227.110 - - [02/Apr/2018:11:21:34 +0400] "GET /sales/interviewsaleorder/saleladyworkorder HTTP/1.1" 200 661
94.47.23.195 - - [02/Apr/2018:11:21:43 +0400] "GET /public/notification/page/notSeen?page=0?size=10 HTTP/1.1" 200 451
178.52.227.110 - - [02/Apr/2018:11:21:45 +0400] "GET /sales/interviewsaleorder/saleladyworkorder HTTP/1.1" 200 661
178.52.227.110 - - [02/Apr/2018:11:21:56 +0400] "GET /sales/interviewsaleorder/saleladyworkorder HTTP/1.1" 200 661
5.0.160.240 - - [02/Apr/2018:11:21:58 +0400] "OPTIONS /public/notification/page/notSeen?page=0?size=10 HTTP/1.1" 200 5
5.0.160.240 - - [02/Apr/2018:11:21:58 +0400] "GET /public/notification/page/notSeen?page=0?size=10 HTTP/1.1" 200 424
80.83.30.179 - - [02/Apr/2018:11:22:01 +0400] "GET /public/notification/page/notSeen?page=0?size=10 HTTP/1.1" 200 416
178.52.227.110 - - [02/Apr/2018:11:22:07 +0400] "GET /sales/interviewsaleorder/saleladyworkorder HTTP/1.1" 200 661
94.47.23.195 - - [02/Apr/2018:11:22:09 +0400] "GET /accounting/pwo/officeStaffPwo?type=Ansari_WPS&date=2018-03-01 HTTP/1.1" 200 6434
94.47.23.195 - - [02/Apr/2018:11:22:11 +0400] "GET /accounting/pwo/officeStaffPwo?type=Ansari_WPS&date=2018-03-01 HTTP/1.1" 401 344
94.47.23.195 - - [02/Apr/2018:11:22:13 +0400] "GET /accounting/pwo/officeStaffPwo?type=Ansari_WPS&date=2018-03-01 HTTP/1.1" 200 6434
46.53.13.65 - - [02/Apr/2018:11:22:15 +0400] "OPTIONS /accounting/revenues/page/?page=0&size=20 HTTP/1.1" 200 5
94.47.23.195 - - [02/Apr/2018:11:22:16 +0400] "GET /accounting/pwo/officeStaffPwo?type=Ansari_WPS&date=2018-03-01 HTTP/1.1" 403 302
178.52.227.110 - - [02/Apr/2018:11:22:16 +0400] "GET /public/notification/page/notSeen?page=0?size=10 HTTP/1.1" 200 432
178.52.227.110 - - [02/Apr/2018:11:22:18 +0400] "GET /sales/interviewsaleorder/saleladyworkorder HTTP/1.1" 200 661
5.254.65.16 - - [02/Apr/2018:11:22:19 +0400] "GET /public/notification/page/notSeen?page=0?size=10 HTTP/1.1" 200 424
46.53.13.65 - - [02/Apr/2018:11:22:19 +0400] "GET /public/notification/page/notSeen?page=0?size=10 HTTP/1.1" 200 451
46.53.13.65 - - [02/Apr/2018:11:22:24 +0400] "GET /accounting/revenues/page/?page=0&size=20 HTTP/1.1" 200 838
46.53.13.65 - - [02/Apr/2018:11:22:25 +0400] "OPTIONS /public/module/myPermissions HTTP/1.1" 200 5
46.53.13.65 - - [02/Apr/2018:11:22:25 +0400] "OPTIONS /public/myself/ HTTP/1.1" 200 5
46.53.13.65 - - [02/Apr/2018:11:22:25 +0400] "OPTIONS /public/notification/page/notSeen?page=0?size=10 HTTP/1.1" 200 5
46.53.13.65 - - [02/Apr/2018:11:22:25 +0400] "OPTIONS /public/module/myPermissions HTTP/1.1" 200 5
95.159.11.50 - - [02/Apr/2018:11:22:27 +0400] "OPTIONS /clientmgmt/client/24907 HTTP/1.1" 200 5
95.159.11.50 - - [02/Apr/2018:11:22:27 +0400] "OPTIONS /public/picklist/items/root/cities/uae HTTP/1.1" 200 5
95.159.11.50 - - [02/Apr/2018:11:22:27 +0400] "OPTIONS /clientmgmt/contract/remaininghousing HTTP/1.1" 200 5
95.159.11.50 - - [02/Apr/2018:11:22:27 +0400] "OPTIONS /public/picklist/items/ClientHeardAboutUs HTTP/1.1" 200 5
95.159.11.50 - - [02/Apr/2018:11:22:27 +0400] "OPTIONS /clientmgmt/client/24907 HTTP/1.1" 200 5
95.159.11.50 - - [02/Apr/2018:11:22:28 +0400] "OPTIONS /public/picklist/items/countries/tag/phoneCode HTTP/1.1" 200 5
95.159.11.50 - - [02/Apr/2018:11:22:28 +0400] "OPTIONS /public/picklist/items/cities/tag/phoneCode HTTP/1.1" 200 5
95.159.11.50 - - [02/Apr/2018:11:22:28 +0400] "GET /clientmgmt/client/24907 HTTP/1.1" 200 519
95.159.11.50 - - [02/Apr/2018:11:22:28 +0400] "GET /public/picklist/items/root/cities/uae HTTP/1.1" 200 409
95.159.11.50 - - [02/Apr/2018:11:22:28 +0400] "GET /clientmgmt/contract/remaininghousing HTTP/1.1" 200 52
95.159.11.50 - - [02/Apr/2018:11:22:28 +0400] "GET /public/picklist/items/ClientHeardAboutUs HTTP/1.1" 200 526
95.159.11.50 - - [02/Apr/2018:11:22:28 +0400] "GET /clientmgmt/client/24907 HTTP/1.1" 200 519
80.83.30.179 - - [02/Apr/2018:11:22:28 +0400] "GET /public/notification/page/notSeen?page=0?size=10 HTTP/1.1" 200 416
95.159.11.50 - - [02/Apr/2018:11:22:28 +0400] "GET /public/picklist/items/countries/tag/phoneCode HTTP/1.1" 200 2628
95.159.11.50 - - [02/Apr/2018:11:22:28 +0400] "GET /public/picklist/items/cities/tag/phoneCode HTTP/1.1" 200 12524
46.53.13.65 - - [02/Apr/2018:11:22:28 +0400] "OPTIONS /public/notification/page/notSeen?page=0?size=10 HTTP/1.1" 200 5
46.53.13.65 - - [02/Apr/2018:11:22:28 +0400] "OPTIONS /public/myself/ HTTP/1.1" 200 5
178.52.227.110 - - [02/Apr/2018:11:22:29 +0400] "GET /sales/interviewsaleorder/saleladyworkorder HTTP/1.1" 200 661
46.53.13.65 - - [02/Apr/2018:11:22:29 +0400] "OPTIONS /public/myself/ HTTP/1.1" 200 5
46.53.13.65 - - [02/Apr/2018:11:22:29 +0400] "OPTIONS /public/module/myPermissions HTTP/1.1" 200 5
46.53.13.65 - - [02/Apr/2018:11:22:29 +0400] "GET /public/notification/page/notSeen?page=0?size=10 HTTP/1.1" 200 451
95.159.11.50 - - [02/Apr/2018:11:22:32 +0400] "OPTIONS /public/notification/page/notSeen?page=0?size=10 HTTP/1.1" 200 5
95.159.11.50 - - [02/Apr/2018:11:22:32 +0400] "GET /public/notification/page/notSeen?page=0?size=10 HTTP/1.1" 200 424
46.53.13.65 - - [02/Apr/2018:11:22:32 +0400] "GET /public/module/myPermissions HTTP/1.1" 200 10245
46.53.13.65 - - [02/Apr/2018:11:22:32 +0400] "GET /public/notification/page/notSeen?page=0?size=10 HTTP/1.1" 200 451
46.53.13.65 - - [02/Apr/2018:11:22:32 +0400] "GET /public/myself/ HTTP/1.1" 200 408
46.53.13.65 - - [02/Apr/2018:11:22:35 +0400] "GET /public/myself/ HTTP/1.1" 200 408
46.53.13.65 - - [02/Apr/2018:11:22:35 +0400] "GET /public/module/myPermissions HTTP/1.1" 200 10245
46.53.13.65 - - [02/Apr/2018:11:22:36 +0400] "GET /public/notification/page/notSeen?page=0?size=10 HTTP/1.1" 200 451
46.53.13.65 - - [02/Apr/2018:11:22:36 +0400] "GET /public/module/myPermissions HTTP/1.1" 200 10245
46.53.13.65 - - [02/Apr/2018:11:22:36 +0400] "GET /public/myself/ HTTP/1.1" 200 408
46.53.13.65 - - [02/Apr/2018:11:22:37 +0400] "OPTIONS /sales/ZiwoPortal/generateAccessToken HTTP/1.1" 200 5
46.53.13.65 - - [02/Apr/2018:11:22:37 +0400] "OPTIONS /public/picklist/items/ClientStatus HTTP/1.1" 200 5
46.53.13.65 - - [02/Apr/2018:11:22:37 +0400] "OPTIONS /public/picklist/items/ClientInterviewMode HTTP/1.1" 200 5
46.53.13.65 - - [02/Apr/2018:11:22:38 +0400] "OPTIONS /public/module/myPermissions HTTP/1.1" 200 5
46.53.13.65 - - [02/Apr/2018:11:22:38 +0400] "OPTIONS /public/notification/page/notSeen?page=0?size=10 HTTP/1.1" 200 5
46.53.13.65 - - [02/Apr/2018:11:22:38 +0400] "OPTIONS /public/myself/ HTTP/1.1" 200 5
46.53.13.65 - - [02/Apr/2018:11:22:38 +0400] "GET /accounting/revenues/page/?page=0&size=20 HTTP/1.1" 200 838
178.52.227.110 - - [02/Apr/2018:11:22:40 +0400] "GET /sales/interviewsaleorder/saleladyworkorder HTTP/1.1" 200 661
46.53.13.65 - - [02/Apr/2018:11:22:40 +0400] "GET /public/notification/page/notSeen?page=0?size=10 HTTP/1.1" 200 451
46.53.13.65 - - [02/Apr/2018:11:22:40 +0400] "GET /public/myself/ HTTP/1.1" 200 408
46.53.13.65 - - [02/Apr/2018:11:22:40 +0400] "GET /public/module/myPermissions HTTP/1.1" 200 10245
46.53.13.65 - - [02/Apr/2018:11:22:40 +0400] "OPTIONS /public/picklist/items/countries/tag/phoneCode HTTP/1.1" 200 5
46.53.13.65 - - [02/Apr/2018:11:22:41 +0400] "OPTIONS /public/picklist/items/ClientAgePreference HTTP/1.1" 200 5
46.53.13.65 - - [02/Apr/2018:11:22:41 +0400] "OPTIONS /sales/client/getuserinitialcontact HTTP/1.1" 200 5
46.53.13.65 - - [02/Apr/2018:11:22:43 +0400] "OPTIONS /public/picklist/items/MatchingType HTTP/1.1" 200 5
46.53.13.65 - - [02/Apr/2018:11:22:43 +0400] "GET /public/myself/ HTTP/1.1" 200 408
46.53.13.65 - - [02/Apr/2018:11:22:43 +0400] "GET /public/notification/page/notSeen?page=0?size=10 HTTP/1.1" 200 451
46.53.13.65 - - [02/Apr/2018:11:22:43 +0400] "GET /public/module/myPermissions HTTP/1.1" 200 10245
46.53.13.65 - - [02/Apr/2018:11:22:43 +0400] "GET /sales/client/getuserinitialcontact HTTP/1.1" 200 49
46.53.13.65 - - [02/Apr/2018:11:22:43 +0400] "GET /public/picklist/items/countries/tag/phoneCode HTTP/1.1" 200 2628
94.47.23.195 - - [02/Apr/2018:11:22:44 +0400] "GET /public/notification/page/notSeen?page=0?size=10 HTTP/1.1" 200 451
46.53.13.65 - - [02/Apr/2018:11:22:45 +0400] "GET /public/picklist/items/ClientAgePreference HTTP/1.1" 200 303
46.53.13.65 - - [02/Apr/2018:11:22:45 +0400] "OPTIONS /sales/ZiwoPortal/generateAccessToken HTTP/1.1" 200 5
46.53.13.65 - - [02/Apr/2018:11:22:45 +0400] "OPTIONS /public/picklist/items/ClientInterviewMode HTTP/1.1" 200 5
46.53.13.65 - - [02/Apr/2018:11:22:45 +0400] "OPTIONS /public/picklist/items/ClientStatus HTTP/1.1" 200 5
46.53.13.65 - - [02/Apr/2018:11:22:45 +0400] "OPTIONS /public/picklist/items/ClientAgePreference HTTP/1.1" 200 5
46.53.13.65 - - [02/Apr/2018:11:22:47 +0400] "OPTIONS /public/picklist/items/MatchingType HTTP/1.1" 200 5
95.159.11.50 - - [02/Apr/2018:11:22:47 +0400] "OPTIONS /public/module/myPermissions HTTP/1.1" 200 5
95.159.11.50 - - [02/Apr/2018:11:22:47 +0400] "OPTIONS /public/notification/page/notSeen?page=0?size=10 HTTP/1.1" 200 5
46.53.13.65 - - [02/Apr/2018:11:22:47 +0400] "GET /public/picklist/items/MatchingType HTTP/1.1" 200 1045
95.159.11.50 - - [02/Apr/2018:11:22:47 +0400] "OPTIONS /public/myself/ HTTP/1.1" 200 5
46.53.13.65 - - [02/Apr/2018:11:22:47 +0400] "OPTIONS /clientmgmt/contract/clientcontracts/15815 HTTP/1.1" 200 5
46.53.13.65 - - [02/Apr/2018:11:22:48 +0400] "OPTIONS /clientmgmt/client/15815 HTTP/1.1" 200 5
46.53.13.65 - - [02/Apr/2018:11:22:48 +0400] "OPTIONS /public/picklist/items/cities/tag/phoneCode HTTP/1.1" 200 5
46.53.13.65 - - [02/Apr/2018:11:22:48 +0400] "GET /sales/ZiwoPortal/generateAccessToken HTTP/1.1" 200 85
95.159.11.50 - - [02/Apr/2018:11:22:48 +0400] "GET /public/notification/page/notSeen?page=0?size=10 HTTP/1.1" 200 424
95.159.11.50 - - [02/Apr/2018:11:22:48 +0400] "GET /public/myself/ HTTP/1.1" 200 345
95.159.11.50 - - [02/Apr/2018:11:22:48 +0400] "GET /public/module/myPermissions HTTP/1.1" 200 10245
95.159.11.50 - - [02/Apr/2018:11:22:49 +0400] "OPTIONS /clientmgmt/client/24907 HTTP/1.1" 200 5
95.159.11.50 - - [02/Apr/2018:11:22:49 +0400] "OPTIONS /public/picklist/items/root/cities/uae HTTP/1.1" 200 5
95.159.11.50 - - [02/Apr/2018:11:22:49 +0400] "OPTIONS /clientmgmt/contract/remaininghousing HTTP/1.1" 200 5
95.159.11.50 - - [02/Apr/2018:11:22:49 +0400] "OPTIONS /public/picklist/items/ClientHeardAboutUs HTTP/1.1" 200 5
95.159.11.50 - - [02/Apr/2018:11:22:49 +0400] "OPTIONS /clientmgmt/client/24907 HTTP/1.1" 200 5
95.159.11.50 - - [02/Apr/2018:11:22:49 +0400] "OPTIONS /public/picklist/items/countries/tag/phoneCode HTTP/1.1" 200 5
95.159.11.50 - - [02/Apr/2018:11:22:49 +0400] "OPTIONS /public/picklist/items/cities/tag/phoneCode HTTP/1.1" 200 5
95.159.11.50 - - [02/Apr/2018:11:22:49 +0400] "GET /clientmgmt/client/24907 HTTP/1.1" 200 519
95.159.11.50 - - [02/Apr/2018:11:22:49 +0400] "GET /public/picklist/items/root/cities/uae HTTP/1.1" 200 409
95.159.11.50 - - [02/Apr/2018:11:22:49 +0400] "GET /clientmgmt/contract/remaininghousing HTTP/1.1" 200 52
46.53.13.65 - - [02/Apr/2018:11:22:49 +0400] "GET /public/picklist/items/ClientInterviewMode HTTP/1.1" 200 223
95.159.11.50 - - [02/Apr/2018:11:22:49 +0400] "GET /public/picklist/items/ClientHeardAboutUs HTTP/1.1" 200 526
95.159.11.50 - - [02/Apr/2018:11:22:49 +0400] "GET /clientmgmt/client/24907 HTTP/1.1" 200 519
95.159.11.50 - - [02/Apr/2018:11:22:49 +0400] "GET /public/picklist/items/countries/tag/phoneCode HTTP/1.1" 200 2628
95.159.11.50 - - [02/Apr/2018:11:22:50 +0400] "GET /public/picklist/items/cities/tag/phoneCode HTTP/1.1" 200 12524
46.53.13.65 - - [02/Apr/2018:11:22:50 +0400] "GET /public/picklist/items/ClientAgePreference HTTP/1.1" 200 303
46.53.13.65 - - [02/Apr/2018:11:22:50 +0400] "GET /public/picklist/items/ClientStatus HTTP/1.1" 200 208
46.53.13.65 - - [02/Apr/2018:11:22:50 +0400] "GET /public/picklist/items/MatchingType HTTP/1.1" 200 1045
46.53.13.65 - - [02/Apr/2018:11:22:50 +0400] "GET /clientmgmt/contract/clientcontracts/15815 HTTP/1.1" 200 1718
46.53.13.65 - - [02/Apr/2018:11:22:50 +0400] "GET /clientmgmt/client/15815 HTTP/1.1" 200 571
178.52.227.110 - - [02/Apr/2018:11:22:51 +0400] "GET /sales/interviewsaleorder/saleladyworkorder HTTP/1.1" 200 661
46.53.13.65 - - [02/Apr/2018:11:22:53 +0400] "GET /public/picklist/items/cities/tag/phoneCode HTTP/1.1" 200 12524
46.53.13.65 - - [02/Apr/2018:11:22:53 +0400] "OPTIONS /clientmgmt/contract/3939 HTTP/1.1" 200 5
46.53.13.65 - - [02/Apr/2018:11:22:53 +0400] "OPTIONS /clientmgmt/contract/getLastworkOrder/3939 HTTP/1.1" 200 5
46.53.13.65 - - [02/Apr/2018:11:22:56 +0400] "OPTIONS /sales/client/clientprospectlist?page=0&size=20 HTTP/1.1" 200 5
46.53.13.65 - - [02/Apr/2018:11:22:56 +0400] "GET /clientmgmt/contract/getLastworkOrder/3939 HTTP/1.1" 200 5
46.53.13.65 - - [02/Apr/2018:11:22:57 +0400] "GET /clientmgmt/contract/3939 HTTP/1.1" 200 9983
95.159.11.50 - - [02/Apr/2018:11:22:57 +0400] "OPTIONS /clientmgmt/contract/availablehousemaids?searchKey=&_=1522653764722 HTTP/1.1" 200 5
95.159.11.50 - - [02/Apr/2018:11:22:57 +0400] "GET /clientmgmt/contract/availablehousemaids?searchKey=&_=1522653764722 HTTP/1.1" 200 855
5.0.160.240 - - [02/Apr/2018:11:22:58 +0400] "OPTIONS /public/notification/page/notSeen?page=0?size=10 HTTP/1.1" 200 5
5.0.160.240 - - [02/Apr/2018:11:22:58 +0400] "GET /public/notification/page/notSeen?page=0?size=10 HTTP/1.1" 200 424
46.53.13.65 - - [02/Apr/2018:11:22:59 +0400] "POST /sales/client/clientprospectlist?page=0&size=20 HTTP/1.1" 200 4721
80.83.30.179 - - [02/Apr/2018:11:23:01 +0400] "GET /public/notification/page/notSeen?page=0?size=10 HTTP/1.1" 200 416
178.52.227.110 - - [02/Apr/2018:11:23:02 +0400] "GET /sales/interviewsaleorder/saleladyworkorder HTTP/1.1" 200 661
178.52.227.110 - - [02/Apr/2018:11:23:13 +0400] "GET /sales/interviewsaleorder/saleladyworkorder HTTP/1.1" 200 661
178.52.227.110 - - [02/Apr/2018:11:23:16 +0400] "GET /public/notification/page/notSeen?page=0?size=10 HTTP/1.1" 200 432
