185.210.216.219 - - [02/Apr/2018:10:19:13 +0400] "GET /public/user/type/hustler HTTP/1.1" 200 1652
185.210.216.219 - - [02/Apr/2018:10:19:13 +0400] "GET /public/picklist/items/HousemaidHeardAboutUsMethod HTTP/1.1" 200 383
185.210.216.219 - - [02/Apr/2018:10:19:13 +0400] "POST /recruitment/housemaid/trackedhousemaidpage?page=0&size=20 HTTP/1.1" 200 1064
178.52.227.110 - - [02/Apr/2018:10:19:19 +0400] "OPTIONS /complaints/team/page/?page=0&size=20&sort=id,desc HTTP/1.1" 200 5
178.52.227.110 - - [02/Apr/2018:10:19:19 +0400] "GET /complaints/team/page/?page=0&size=20&sort=id,desc HTTP/1.1" 200 784
185.210.216.219 - - [02/Apr/2018:10:19:20 +0400] "OPTIONS /admin/parameter/page/?page=0&size=20 HTTP/1.1" 200 5
185.210.216.219 - - [02/Apr/2018:10:19:21 +0400] "GET /admin/parameter/page/?page=0&size=20 HTTP/1.1" 200 15519
185.210.216.219 - - [02/Apr/2018:10:19:27 +0400] "OPTIONS /admin/parameter/page/ziwo?page=0&size=20 HTTP/1.1" 200 5
185.210.216.219 - - [02/Apr/2018:10:19:27 +0400] "GET /admin/parameter/page/ziwo?page=0&size=20 HTTP/1.1" 200 1347
18.216.109.48 - - [02/Apr/2018:10:20:00 +0400] "GET /sales/chatBot/getTodayWarningLetters HTTP/1.1" 200 13
46.53.13.65 - - [02/Apr/2018:10:20:13 +0400] "OPTIONS /public/notification/page/notSeen?page=0?size=10 HTTP/1.1" 200 5
185.210.216.219 - - [02/Apr/2018:10:20:13 +0400] "OPTIONS /public/notification/page/notSeen?page=0?size=10 HTTP/1.1" 200 5
185.210.216.219 - - [02/Apr/2018:10:20:13 +0400] "GET /public/notification/page/notSeen?page=0?size=10 HTTP/1.1" 200 451
46.53.13.65 - - [02/Apr/2018:10:20:16 +0400] "GET /public/notification/page/notSeen?page=0?size=10 HTTP/1.1" 200 451
185.210.216.219 - - [02/Apr/2018:10:21:13 +0400] "GET /public/notification/page/notSeen?page=0?size=10 HTTP/1.1" 200 451
178.52.227.110 - - [02/Apr/2018:10:21:15 +0400] "OPTIONS /public/module/myPermissions HTTP/1.1" 200 5
178.52.227.110 - - [02/Apr/2018:10:21:15 +0400] "OPTIONS /public/notification/page/notSeen?page=0?size=10 HTTP/1.1" 200 5
178.52.227.110 - - [02/Apr/2018:10:21:15 +0400] "OPTIONS /public/myself/ HTTP/1.1" 200 5
178.52.227.110 - - [02/Apr/2018:10:21:15 +0400] "GET /public/notification/page/notSeen?page=0?size=10 HTTP/1.1" 200 432
178.52.227.110 - - [02/Apr/2018:10:21:15 +0400] "GET /public/myself/ HTTP/1.1" 200 424
178.52.227.110 - - [02/Apr/2018:10:21:15 +0400] "GET /public/module/myPermissions HTTP/1.1" 200 10245
178.52.227.110 - - [02/Apr/2018:10:21:16 +0400] "OPTIONS /public/picklist/items/countries HTTP/1.1" 200 5
178.52.227.110 - - [02/Apr/2018:10:21:16 +0400] "OPTIONS /public/picklist/items/HousemaidHeardAboutUsMethod HTTP/1.1" 200 5
178.52.227.110 - - [02/Apr/2018:10:21:16 +0400] "OPTIONS /public/picklist/items/countries/tag/phoneCode HTTP/1.1" 200 5
178.52.227.110 - - [02/Apr/2018:10:21:16 +0400] "OPTIONS /public/picklist/items/cities/tag/phoneCode HTTP/1.1" 200 5
178.52.227.110 - - [02/Apr/2018:10:21:16 +0400] "OPTIONS /public/picklist/items/nationalities HTTP/1.1" 200 5
178.52.227.110 - - [02/Apr/2018:10:21:16 +0400] "OPTIONS /public/user/type/charmer HTTP/1.1" 200 5
178.52.227.110 - - [02/Apr/2018:10:21:16 +0400] "GET /public/picklist/items/HousemaidHeardAboutUsMethod HTTP/1.1" 200 383
178.52.227.110 - - [02/Apr/2018:10:21:16 +0400] "GET /public/picklist/items/countries HTTP/1.1" 200 2930
178.52.227.110 - - [02/Apr/2018:10:21:16 +0400] "GET /public/picklist/items/countries/tag/phoneCode HTTP/1.1" 200 2628
178.52.227.110 - - [02/Apr/2018:10:21:16 +0400] "GET /public/picklist/items/nationalities HTTP/1.1" 200 1125
178.52.227.110 - - [02/Apr/2018:10:21:16 +0400] "GET /public/user/type/charmer HTTP/1.1" 200 5653
178.52.227.110 - - [02/Apr/2018:10:21:16 +0400] "GET /public/picklist/items/cities/tag/phoneCode HTTP/1.1" 200 12524
178.52.227.110 - - [02/Apr/2018:10:21:19 +0400] "OPTIONS /public/picklist/items/ClientStatus HTTP/1.1" 200 5
178.52.227.110 - - [02/Apr/2018:10:21:19 +0400] "OPTIONS /sales/ZiwoPortal/generateAccessToken HTTP/1.1" 200 5
178.52.227.110 - - [02/Apr/2018:10:21:19 +0400] "OPTIONS /public/picklist/items/ClientInterviewMode HTTP/1.1" 200 5
178.52.227.110 - - [02/Apr/2018:10:21:19 +0400] "OPTIONS /public/picklist/items/MatchingType HTTP/1.1" 200 5
178.52.227.110 - - [02/Apr/2018:10:21:19 +0400] "OPTIONS /public/picklist/items/ClientAgePreference HTTP/1.1" 200 5
178.52.227.110 - - [02/Apr/2018:10:21:19 +0400] "GET /public/picklist/items/ClientStatus HTTP/1.1" 200 208
178.52.227.110 - - [02/Apr/2018:10:21:19 +0400] "GET /public/picklist/items/ClientAgePreference HTTP/1.1" 200 303
178.52.227.110 - - [02/Apr/2018:10:21:19 +0400] "GET /public/picklist/items/MatchingType HTTP/1.1" 200 1045
178.52.227.110 - - [02/Apr/2018:10:21:19 +0400] "GET /public/picklist/items/ClientInterviewMode HTTP/1.1" 200 223
178.52.227.110 - - [02/Apr/2018:10:21:19 +0400] "GET /sales/ZiwoPortal/generateAccessToken HTTP/1.1" 200 85
178.52.227.110 - - [02/Apr/2018:10:21:19 +0400] "OPTIONS /sales/client/clientprospectlist?page=0&size=20 HTTP/1.1" 200 5
178.52.227.110 - - [02/Apr/2018:10:21:20 +0400] "POST /sales/client/clientprospectlist?page=0&size=20 HTTP/1.1" 200 4721
178.52.227.110 - - [02/Apr/2018:10:21:39 +0400] "OPTIONS /complaints/client/needReplacement?search=&page=0&size=20 HTTP/1.1" 200 5
178.52.227.110 - - [02/Apr/2018:10:21:39 +0400] "GET /public/picklist/items/ClientInterviewMode HTTP/1.1" 200 223
178.52.227.110 - - [02/Apr/2018:10:21:39 +0400] "GET /public/picklist/items/ClientAgePreference HTTP/1.1" 200 303
178.52.227.110 - - [02/Apr/2018:10:21:39 +0400] "GET /public/picklist/items/MatchingType HTTP/1.1" 200 1045
178.52.227.110 - - [02/Apr/2018:10:21:39 +0400] "GET /complaints/client/needReplacement?search=&page=0&size=20 HTTP/1.1" 200 4601
178.52.227.110 - - [02/Apr/2018:10:22:04 +0400] "GET /sales/ZiwoPortal/generateAccessToken HTTP/1.1" 200 85
178.52.227.110 - - [02/Apr/2018:10:22:04 +0400] "GET /public/picklist/items/ClientInterviewMode HTTP/1.1" 200 223
178.52.227.110 - - [02/Apr/2018:10:22:04 +0400] "GET /public/picklist/items/ClientStatus HTTP/1.1" 200 208
178.52.227.110 - - [02/Apr/2018:10:22:04 +0400] "GET /public/picklist/items/MatchingType HTTP/1.1" 200 1045
178.52.227.110 - - [02/Apr/2018:10:22:04 +0400] "GET /public/picklist/items/ClientAgePreference HTTP/1.1" 200 303
178.52.227.110 - - [02/Apr/2018:10:22:04 +0400] "OPTIONS /sales/client/workordertosendurl?page=0&size=20 HTTP/1.1" 200 5
178.52.227.110 - - [02/Apr/2018:10:22:05 +0400] "POST /sales/client/workordertosendurl?page=0&size=20 HTTP/1.1" 200 4026
185.210.216.219 - - [02/Apr/2018:10:22:13 +0400] "GET /public/notification/page/notSeen?page=0?size=10 HTTP/1.1" 200 451
178.52.227.110 - - [02/Apr/2018:10:22:15 +0400] "OPTIONS /public/notification/page/notSeen?page=0?size=10 HTTP/1.1" 200 5
178.52.227.110 - - [02/Apr/2018:10:22:15 +0400] "GET /public/notification/page/notSeen?page=0?size=10 HTTP/1.1" 200 432
178.52.227.110 - - [02/Apr/2018:10:22:30 +0400] "GET /sales/ZiwoPortal/generateAccessToken HTTP/1.1" 200 85
178.52.227.110 - - [02/Apr/2018:10:22:30 +0400] "GET /public/picklist/items/ClientStatus HTTP/1.1" 200 208
178.52.227.110 - - [02/Apr/2018:10:22:30 +0400] "GET /public/picklist/items/ClientInterviewMode HTTP/1.1" 200 223
178.52.227.110 - - [02/Apr/2018:10:22:31 +0400] "GET /public/picklist/items/ClientAgePreference HTTP/1.1" 200 303
178.52.227.110 - - [02/Apr/2018:10:22:31 +0400] "GET /public/picklist/items/MatchingType HTTP/1.1" 200 1045
178.52.227.110 - - [02/Apr/2018:10:22:31 +0400] "POST /sales/client/clientprospectlist?page=0&size=20 HTTP/1.1" 200 4721
185.210.216.219 - - [02/Apr/2018:10:23:13 +0400] "GET /public/notification/page/notSeen?page=0?size=10 HTTP/1.1" 200 451
178.52.227.110 - - [02/Apr/2018:10:23:15 +0400] "GET /public/notification/page/notSeen?page=0?size=10 HTTP/1.1" 200 432
178.52.227.110 - - [02/Apr/2018:10:23:31 +0400] "POST /sales/client/clientprospectlist?page=0&size=20 HTTP/1.1" 200 9560
46.53.13.65 - - [02/Apr/2018:10:24:06 +0400] "GET /public/notification/page/notSeen?page=0?size=10 HTTP/1.1" 200 451
185.210.216.219 - - [02/Apr/2018:10:24:13 +0400] "GET /public/notification/page/notSeen?page=0?size=10 HTTP/1.1" 200 451
178.52.227.110 - - [02/Apr/2018:10:24:15 +0400] "GET /public/notification/page/notSeen?page=0?size=10 HTTP/1.1" 200 432
178.52.227.110 - - [02/Apr/2018:10:24:30 +0400] "GET /public/picklist/items/ClientInterviewMode HTTP/1.1" 200 223
178.52.227.110 - - [02/Apr/2018:10:24:30 +0400] "GET /public/picklist/items/ClientAgePreference HTTP/1.1" 200 303
178.52.227.110 - - [02/Apr/2018:10:24:30 +0400] "GET /public/picklist/items/MatchingType HTTP/1.1" 200 1045
178.52.227.110 - - [02/Apr/2018:10:24:30 +0400] "GET /complaints/client/needReplacement?search=&page=0&size=20 HTTP/1.1" 200 4601
185.210.216.219 - - [02/Apr/2018:10:25:13 +0400] "GET /public/notification/page/notSeen?page=0?size=10 HTTP/1.1" 200 451
178.52.227.110 - - [02/Apr/2018:10:25:15 +0400] "GET /public/notification/page/notSeen?page=0?size=10 HTTP/1.1" 200 432
178.52.227.110 - - [02/Apr/2018:10:26:15 +0400] "GET /public/notification/page/notSeen?page=0?size=10 HTTP/1.1" 200 432
178.52.227.110 - - [02/Apr/2018:10:26:37 +0400] "GET /public/picklist/items/ClientInterviewMode HTTP/1.1" 200 223
178.52.227.110 - - [02/Apr/2018:10:26:37 +0400] "GET /public/picklist/items/ClientStatus HTTP/1.1" 200 208
178.52.227.110 - - [02/Apr/2018:10:26:37 +0400] "GET /public/picklist/items/MatchingType HTTP/1.1" 200 1045
178.52.227.110 - - [02/Apr/2018:10:26:37 +0400] "GET /public/picklist/items/ClientAgePreference HTTP/1.1" 200 303
178.52.227.110 - - [02/Apr/2018:10:26:38 +0400] "GET /sales/ZiwoPortal/generateAccessToken HTTP/1.1" 200 85
178.52.227.110 - - [02/Apr/2018:10:26:38 +0400] "POST /sales/client/workordertosendurl?page=0&size=20 HTTP/1.1" 200 4026
178.52.227.110 - - [02/Apr/2018:10:27:15 +0400] "GET /public/notification/page/notSeen?page=0?size=10 HTTP/1.1" 200 432
178.52.227.110 - - [02/Apr/2018:10:27:38 +0400] "POST /sales/client/workordertosendurl?page=0&size=20 HTTP/1.1" 200 4026
46.53.13.65 - - [02/Apr/2018:10:28:02 +0400] "GET /public/notification/page/notSeen?page=0?size=10 HTTP/1.1" 200 451
178.52.227.110 - - [02/Apr/2018:10:28:15 +0400] "GET /public/notification/page/notSeen?page=0?size=10 HTTP/1.1" 200 432
178.52.227.110 - - [02/Apr/2018:10:28:18 +0400] "OPTIONS /sales/interviewplace/emptyshowroom HTTP/1.1" 200 5
178.52.227.110 - - [02/Apr/2018:10:28:18 +0400] "OPTIONS /sales/interviewplace/emptyskype HTTP/1.1" 200 5
178.52.227.110 - - [02/Apr/2018:10:28:18 +0400] "OPTIONS /sales/interviewsaleorder/getsaleladyorder HTTP/1.1" 200 5
178.52.227.110 - - [02/Apr/2018:10:28:18 +0400] "GET /sales/interviewplace/emptyshowroom HTTP/1.1" 200 49
178.52.227.110 - - [02/Apr/2018:10:28:18 +0400] "GET /sales/interviewplace/emptyskype HTTP/1.1" 200 327
178.52.227.110 - - [02/Apr/2018:10:28:19 +0400] "GET /sales/interviewsaleorder/getsaleladyorder HTTP/1.1" 200 2518
178.52.227.110 - - [02/Apr/2018:10:29:15 +0400] "GET /public/notification/page/notSeen?page=0?size=10 HTTP/1.1" 200 432
178.52.227.110 - - [02/Apr/2018:10:30:15 +0400] "GET /public/notification/page/notSeen?page=0?size=10 HTTP/1.1" 200 432
46.53.13.65 - - [02/Apr/2018:10:30:38 +0400] "OPTIONS /public/notification/page/notSeen?page=0?size=10 HTTP/1.1" 200 5
46.53.13.65 - - [02/Apr/2018:10:30:38 +0400] "GET /public/notification/page/notSeen?page=0?size=10 HTTP/1.1" 200 451
178.52.227.110 - - [02/Apr/2018:10:31:15 +0400] "GET /public/notification/page/notSeen?page=0?size=10 HTTP/1.1" 200 432
178.52.227.110 - - [02/Apr/2018:10:32:15 +0400] "GET /public/notification/page/notSeen?page=0?size=10 HTTP/1.1" 200 432
46.53.13.65 - - [02/Apr/2018:10:33:06 +0400] "GET /public/notification/page/notSeen?page=0?size=10 HTTP/1.1" 200 451
178.52.227.110 - - [02/Apr/2018:10:33:15 +0400] "OPTIONS /public/notification/page/notSeen?page=0?size=10 HTTP/1.1" 200 5
178.52.227.110 - - [02/Apr/2018:10:33:15 +0400] "GET /public/notification/page/notSeen?page=0?size=10 HTTP/1.1" 200 432
178.52.227.110 - - [02/Apr/2018:10:34:15 +0400] "GET /public/notification/page/notSeen?page=0?size=10 HTTP/1.1" 200 432
178.52.227.110 - - [02/Apr/2018:10:35:15 +0400] "GET /public/notification/page/notSeen?page=0?size=10 HTTP/1.1" 200 432
46.53.13.65 - - [02/Apr/2018:10:35:46 +0400] "GET /public/notification/page/notSeen?page=0?size=10 HTTP/1.1" 200 451
178.52.227.110 - - [02/Apr/2018:10:36:15 +0400] "GET /public/notification/page/notSeen?page=0?size=10 HTTP/1.1" 200 432
178.52.227.110 - - [02/Apr/2018:10:37:15 +0400] "GET /public/notification/page/notSeen?page=0?size=10 HTTP/1.1" 200 432
178.52.227.110 - - [02/Apr/2018:10:38:15 +0400] "GET /public/notification/page/notSeen?page=0?size=10 HTTP/1.1" 200 432
46.53.13.65 - - [02/Apr/2018:10:38:38 +0400] "GET /public/notification/page/notSeen?page=0?size=10 HTTP/1.1" 200 451
178.52.227.110 - - [02/Apr/2018:10:39:15 +0400] "GET /public/notification/page/notSeen?page=0?size=10 HTTP/1.1" 200 432
178.52.227.110 - - [02/Apr/2018:10:40:15 +0400] "GET /public/notification/page/notSeen?page=0?size=10 HTTP/1.1" 200 432
178.52.227.110 - - [02/Apr/2018:10:41:15 +0400] "GET /public/notification/page/notSeen?page=0?size=10 HTTP/1.1" 200 432
46.53.13.65 - - [02/Apr/2018:10:41:34 +0400] "OPTIONS /public/notification/page/notSeen?page=0?size=10 HTTP/1.1" 200 5
46.53.13.65 - - [02/Apr/2018:10:41:47 +0400] "GET /public/notification/page/notSeen?page=0?size=10 HTTP/1.1" 200 451
178.52.227.110 - - [02/Apr/2018:10:42:15 +0400] "GET /public/notification/page/notSeen?page=0?size=10 HTTP/1.1" 200 432
178.52.227.110 - - [02/Apr/2018:10:43:15 +0400] "GET /public/notification/page/notSeen?page=0?size=10 HTTP/1.1" 200 432
46.53.13.65 - - [02/Apr/2018:10:44:06 +0400] "GET /public/notification/page/notSeen?page=0?size=10 HTTP/1.1" 200 451
178.52.227.110 - - [02/Apr/2018:10:44:15 +0400] "OPTIONS /public/notification/page/notSeen?page=0?size=10 HTTP/1.1" 200 5
178.52.227.110 - - [02/Apr/2018:10:44:15 +0400] "GET /public/notification/page/notSeen?page=0?size=10 HTTP/1.1" 200 432
178.52.227.110 - - [02/Apr/2018:10:45:16 +0400] "GET /public/notification/page/notSeen?page=0?size=10 HTTP/1.1" 200 432
178.52.227.110 - - [02/Apr/2018:10:46:16 +0400] "GET /public/notification/page/notSeen?page=0?size=10 HTTP/1.1" 200 432
46.53.13.65 - - [02/Apr/2018:10:46:28 +0400] "GET /public/notification/page/notSeen?page=0?size=10 HTTP/1.1" 200 451
178.52.227.110 - - [02/Apr/2018:10:47:16 +0400] "GET /public/notification/page/notSeen?page=0?size=10 HTTP/1.1" 200 432
178.52.227.110 - - [02/Apr/2018:10:48:16 +0400] "GET /public/notification/page/notSeen?page=0?size=10 HTTP/1.1" 200 432
178.52.227.110 - - [02/Apr/2018:10:48:46 +0400] "OPTIONS /sales/availablemaids/allavailablemaids?searchKey= HTTP/1.1" 200 5
178.52.227.110 - - [02/Apr/2018:10:48:47 +0400] "OPTIONS /sales/availablemaids/notdoneworkorders HTTP/1.1" 200 5
178.52.227.110 - - [02/Apr/2018:10:48:47 +0400] "GET /sales/availablemaids/notdoneworkorders HTTP/1.1" 200 1632
178.52.227.110 - - [02/Apr/2018:10:48:47 +0400] "POST /sales/availablemaids/allavailablemaids?searchKey= HTTP/1.1" 200 3185
178.52.227.110 - - [02/Apr/2018:10:48:56 +0400] "GET /sales/availablemaids/notdoneworkorders HTTP/1.1" 200 1632
178.52.227.110 - - [02/Apr/2018:10:48:57 +0400] "POST /sales/availablemaids/allavailablemaids?searchKey= HTTP/1.1" 200 3185
178.52.227.110 - - [02/Apr/2018:10:49:03 +0400] "OPTIONS /sales/interviewsaleorder/getsaleladyorder HTTP/1.1" 200 5
178.52.227.110 - - [02/Apr/2018:10:49:03 +0400] "OPTIONS /sales/interviewsaleorder/saleladyworkorder HTTP/1.1" 200 5
178.52.227.110 - - [02/Apr/2018:10:49:03 +0400] "GET /sales/interviewsaleorder/getsaleladyorder HTTP/1.1" 200 2518
178.52.227.110 - - [02/Apr/2018:10:49:03 +0400] "GET /sales/interviewsaleorder/saleladyworkorder HTTP/1.1" 200 661
46.53.13.65 - - [02/Apr/2018:10:49:08 +0400] "GET /public/notification/page/notSeen?page=0?size=10 HTTP/1.1" 200 451
178.52.227.110 - - [02/Apr/2018:10:49:13 +0400] "GET /sales/interviewsaleorder/saleladyworkorder HTTP/1.1" 200 661
178.52.227.110 - - [02/Apr/2018:10:49:15 +0400] "GET /public/notification/page/notSeen?page=0?size=10 HTTP/1.1" 200 432
178.52.227.110 - - [02/Apr/2018:10:49:23 +0400] "GET /sales/interviewsaleorder/saleladyworkorder HTTP/1.1" 200 661
178.52.227.110 - - [02/Apr/2018:10:49:33 +0400] "GET /sales/interviewsaleorder/saleladyworkorder HTTP/1.1" 200 661
178.52.227.110 - - [02/Apr/2018:10:49:44 +0400] "GET /sales/interviewsaleorder/saleladyworkorder HTTP/1.1" 200 661
178.52.227.110 - - [02/Apr/2018:10:49:54 +0400] "GET /sales/interviewsaleorder/saleladyworkorder HTTP/1.1" 200 661
178.52.227.110 - - [02/Apr/2018:10:50:04 +0400] "GET /sales/interviewsaleorder/saleladyworkorder HTTP/1.1" 200 661
178.52.227.110 - - [02/Apr/2018:10:50:15 +0400] "GET /sales/interviewsaleorder/saleladyworkorder HTTP/1.1" 200 662
178.52.227.110 - - [02/Apr/2018:10:50:15 +0400] "GET /public/notification/page/notSeen?page=0?size=10 HTTP/1.1" 200 432
178.52.227.110 - - [02/Apr/2018:10:50:25 +0400] "GET /sales/interviewsaleorder/saleladyworkorder HTTP/1.1" 200 662
178.52.227.110 - - [02/Apr/2018:10:50:35 +0400] "GET /sales/interviewsaleorder/saleladyworkorder HTTP/1.1" 200 662
178.52.227.110 - - [02/Apr/2018:10:50:45 +0400] "GET /sales/interviewsaleorder/saleladyworkorder HTTP/1.1" 200 662
178.52.227.110 - - [02/Apr/2018:10:50:55 +0400] "GET /sales/interviewsaleorder/saleladyworkorder HTTP/1.1" 200 662
80.83.30.179 - - [02/Apr/2018:10:51:00 +0400] "OPTIONS /public/module/myPermissions HTTP/1.1" 200 5
80.83.30.179 - - [02/Apr/2018:10:51:00 +0400] "OPTIONS /public/myself/ HTTP/1.1" 200 5
80.83.30.179 - - [02/Apr/2018:10:51:00 +0400] "OPTIONS /public/notification/page/notSeen?page=0?size=10 HTTP/1.1" 200 5
80.83.30.179 - - [02/Apr/2018:10:51:00 +0400] "GET /public/myself/ HTTP/1.1" 200 503
80.83.30.179 - - [02/Apr/2018:10:51:00 +0400] "GET /public/notification/page/notSeen?page=0?size=10 HTTP/1.1" 200 416
80.83.30.179 - - [02/Apr/2018:10:51:00 +0400] "GET /public/module/myPermissions HTTP/1.1" 200 10245
178.52.227.110 - - [02/Apr/2018:10:51:06 +0400] "GET /sales/interviewsaleorder/saleladyworkorder HTTP/1.1" 200 662
178.52.227.110 - - [02/Apr/2018:10:51:15 +0400] "GET /public/notification/page/notSeen?page=0?size=10 HTTP/1.1" 200 432
178.52.227.110 - - [02/Apr/2018:10:51:16 +0400] "GET /sales/interviewsaleorder/saleladyworkorder HTTP/1.1" 200 661
80.83.30.179 - - [02/Apr/2018:10:51:16 +0400] "OPTIONS /clientmgmt/moneycollection/contracts?daysRangeStart=0&daysRangeEnd=0&searchKey=&page=0&size=20 HTTP/1.1" 200 5
80.83.30.179 - - [02/Apr/2018:10:51:17 +0400] "GET /clientmgmt/moneycollection/contracts?daysRangeStart=0&daysRangeEnd=0&searchKey=&page=0&size=20 HTTP/1.1" 200 36369
80.83.30.179 - - [02/Apr/2018:10:51:19 +0400] "OPTIONS /clientmgmt/moneycollection/deafultclients?searchKey=&page=0&size=20 HTTP/1.1" 200 5
80.83.30.179 - - [02/Apr/2018:10:51:21 +0400] "GET /clientmgmt/moneycollection/deafultclients?searchKey=&page=0&size=20 HTTP/1.1" 200 109737
178.52.227.110 - - [02/Apr/2018:10:51:26 +0400] "GET /sales/interviewsaleorder/saleladyworkorder HTTP/1.1" 200 661
80.83.30.179 - - [02/Apr/2018:10:51:27 +0400] "OPTIONS /clientmgmt/moneycollection/payments?filter=BIG_CHECKS_REPLACMENT&searchKey=&page=0&size=20 HTTP/1.1" 200 5
80.83.30.179 - - [02/Apr/2018:10:51:28 +0400] "GET /clientmgmt/moneycollection/payments?filter=BIG_CHECKS_REPLACMENT&searchKey=&page=0&size=20 HTTP/1.1" 200 6271
86.98.72.68 - - [02/Apr/2018:10:51:30 +0400] "OPTIONS /public/login HTTP/1.1" 200 5
86.98.72.68 - - [02/Apr/2018:10:51:30 +0400] "GET /public/login HTTP/1.1" 401 162
80.83.30.179 - - [02/Apr/2018:10:51:34 +0400] "GET /clientmgmt/moneycollection/deafultclients?searchKey=&page=0&size=20 HTTP/1.1" 200 109737
178.52.227.110 - - [02/Apr/2018:10:51:37 +0400] "GET /sales/interviewsaleorder/saleladyworkorder HTTP/1.1" 200 661
86.98.72.68 - - [02/Apr/2018:10:51:38 +0400] "GET /public/login HTTP/1.1" 401 162
46.53.13.65 - - [02/Apr/2018:10:51:46 +0400] "OPTIONS /public/notification/page/notSeen?page=0?size=10 HTTP/1.1" 200 5
46.53.13.65 - - [02/Apr/2018:10:51:46 +0400] "GET /public/notification/page/notSeen?page=0?size=10 HTTP/1.1" 200 451
178.52.227.110 - - [02/Apr/2018:10:51:47 +0400] "GET /sales/interviewsaleorder/saleladyworkorder HTTP/1.1" 200 661
86.98.72.68 - - [02/Apr/2018:10:51:53 +0400] "GET /public/login HTTP/1.1" 401 162
178.52.227.110 - - [02/Apr/2018:10:51:57 +0400] "GET /sales/interviewsaleorder/saleladyworkorder HTTP/1.1" 200 661
80.83.30.179 - - [02/Apr/2018:10:52:01 +0400] "OPTIONS /public/notification/page/notSeen?page=0?size=10 HTTP/1.1" 200 5
80.83.30.179 - - [02/Apr/2018:10:52:01 +0400] "GET /public/notification/page/notSeen?page=0?size=10 HTTP/1.1" 200 416
178.52.227.110 - - [02/Apr/2018:10:52:07 +0400] "GET /sales/interviewsaleorder/saleladyworkorder HTTP/1.1" 200 661
178.52.227.110 - - [02/Apr/2018:10:52:15 +0400] "GET /public/notification/page/notSeen?page=0?size=10 HTTP/1.1" 200 432
178.52.227.110 - - [02/Apr/2018:10:52:17 +0400] "GET /sales/interviewsaleorder/saleladyworkorder HTTP/1.1" 200 661
178.52.227.110 - - [02/Apr/2018:10:52:28 +0400] "GET /sales/interviewsaleorder/saleladyworkorder HTTP/1.1" 200 661
178.52.227.110 - - [02/Apr/2018:10:52:38 +0400] "GET /sales/interviewsaleorder/saleladyworkorder HTTP/1.1" 200 661
178.52.227.110 - - [02/Apr/2018:10:52:48 +0400] "GET /sales/interviewsaleorder/saleladyworkorder HTTP/1.1" 200 661
178.52.227.110 - - [02/Apr/2018:10:52:58 +0400] "GET /sales/interviewsaleorder/saleladyworkorder HTTP/1.1" 200 661
80.83.30.179 - - [02/Apr/2018:10:53:01 +0400] "GET /public/notification/page/notSeen?page=0?size=10 HTTP/1.1" 200 416
178.52.227.110 - - [02/Apr/2018:10:53:08 +0400] "GET /sales/interviewsaleorder/saleladyworkorder HTTP/1.1" 200 661
178.52.227.110 - - [02/Apr/2018:10:53:15 +0400] "GET /public/notification/page/notSeen?page=0?size=10 HTTP/1.1" 200 432
178.52.227.110 - - [02/Apr/2018:10:53:19 +0400] "GET /sales/interviewsaleorder/saleladyworkorder HTTP/1.1" 200 661
178.52.227.110 - - [02/Apr/2018:10:53:29 +0400] "GET /sales/interviewsaleorder/saleladyworkorder HTTP/1.1" 200 661
178.52.227.110 - - [02/Apr/2018:10:53:39 +0400] "GET /sales/interviewsaleorder/saleladyworkorder HTTP/1.1" 200 661
178.52.227.110 - - [02/Apr/2018:10:53:49 +0400] "GET /sales/interviewsaleorder/saleladyworkorder HTTP/1.1" 200 661
178.52.227.110 - - [02/Apr/2018:10:54:00 +0400] "GET /sales/interviewsaleorder/saleladyworkorder HTTP/1.1" 200 661
80.83.30.179 - - [02/Apr/2018:10:54:01 +0400] "GET /public/notification/page/notSeen?page=0?size=10 HTTP/1.1" 200 416
178.52.227.110 - - [02/Apr/2018:10:54:10 +0400] "GET /sales/interviewsaleorder/saleladyworkorder HTTP/1.1" 200 660
178.52.227.110 - - [02/Apr/2018:10:54:15 +0400] "GET /public/notification/page/notSeen?page=0?size=10 HTTP/1.1" 200 432
178.52.227.110 - - [02/Apr/2018:10:54:20 +0400] "GET /sales/interviewsaleorder/saleladyworkorder HTTP/1.1" 200 660
178.52.227.110 - - [02/Apr/2018:10:54:30 +0400] "GET /sales/interviewsaleorder/saleladyworkorder HTTP/1.1" 200 660
46.53.13.65 - - [02/Apr/2018:10:54:38 +0400] "GET /public/notification/page/notSeen?page=0?size=10 HTTP/1.1" 200 451
178.52.227.110 - - [02/Apr/2018:10:54:40 +0400] "GET /sales/interviewsaleorder/saleladyworkorder HTTP/1.1" 200 660
178.52.227.110 - - [02/Apr/2018:10:54:51 +0400] "GET /sales/interviewsaleorder/saleladyworkorder HTTP/1.1" 200 660
178.52.227.110 - - [02/Apr/2018:10:55:01 +0400] "GET /sales/interviewsaleorder/saleladyworkorder HTTP/1.1" 200 660
80.83.30.179 - - [02/Apr/2018:10:55:01 +0400] "GET /public/notification/page/notSeen?page=0?size=10 HTTP/1.1" 200 416
178.52.227.110 - - [02/Apr/2018:10:55:11 +0400] "GET /sales/interviewsaleorder/saleladyworkorder HTTP/1.1" 200 661
178.52.227.110 - - [02/Apr/2018:10:55:15 +0400] "OPTIONS /public/notification/page/notSeen?page=0?size=10 HTTP/1.1" 200 5
178.52.227.110 - - [02/Apr/2018:10:55:15 +0400] "GET /public/notification/page/notSeen?page=0?size=10 HTTP/1.1" 200 432
178.52.227.110 - - [02/Apr/2018:10:55:21 +0400] "GET /sales/interviewsaleorder/saleladyworkorder HTTP/1.1" 200 661
178.52.227.110 - - [02/Apr/2018:10:55:31 +0400] "GET /sales/interviewsaleorder/saleladyworkorder HTTP/1.1" 200 661
178.52.227.110 - - [02/Apr/2018:10:55:42 +0400] "GET /sales/interviewsaleorder/saleladyworkorder HTTP/1.1" 200 661
178.52.227.110 - - [02/Apr/2018:10:55:52 +0400] "GET /sales/interviewsaleorder/saleladyworkorder HTTP/1.1" 200 661
80.83.30.179 - - [02/Apr/2018:10:56:01 +0400] "GET /public/notification/page/notSeen?page=0?size=10 HTTP/1.1" 200 416
178.52.227.110 - - [02/Apr/2018:10:56:02 +0400] "GET /sales/interviewsaleorder/saleladyworkorder HTTP/1.1" 200 661
178.52.227.110 - - [02/Apr/2018:10:56:12 +0400] "GET /sales/interviewsaleorder/saleladyworkorder HTTP/1.1" 200 661
178.52.227.110 - - [02/Apr/2018:10:56:15 +0400] "GET /public/notification/page/notSeen?page=0?size=10 HTTP/1.1" 200 432
178.52.227.110 - - [02/Apr/2018:10:56:23 +0400] "GET /sales/interviewsaleorder/saleladyworkorder HTTP/1.1" 200 661
178.52.227.110 - - [02/Apr/2018:10:56:33 +0400] "GET /sales/interviewsaleorder/saleladyworkorder HTTP/1.1" 200 661
178.52.227.110 - - [02/Apr/2018:10:56:43 +0400] "GET /sales/interviewsaleorder/saleladyworkorder HTTP/1.1" 200 661
178.52.227.110 - - [02/Apr/2018:10:56:53 +0400] "GET /sales/interviewsaleorder/saleladyworkorder HTTP/1.1" 200 661
80.83.30.179 - - [02/Apr/2018:10:57:01 +0400] "GET /public/notification/page/notSeen?page=0?size=10 HTTP/1.1" 200 416
178.52.227.110 - - [02/Apr/2018:10:57:03 +0400] "GET /sales/interviewsaleorder/saleladyworkorder HTTP/1.1" 200 661
46.53.13.65 - - [02/Apr/2018:10:57:08 +0400] "GET /public/notification/page/notSeen?page=0?size=10 HTTP/1.1" 200 451
178.52.227.110 - - [02/Apr/2018:10:57:14 +0400] "GET /sales/interviewsaleorder/saleladyworkorder HTTP/1.1" 200 661
178.52.227.110 - - [02/Apr/2018:10:57:15 +0400] "GET /public/notification/page/notSeen?page=0?size=10 HTTP/1.1" 200 432
178.52.227.110 - - [02/Apr/2018:10:57:24 +0400] "GET /sales/interviewsaleorder/saleladyworkorder HTTP/1.1" 200 661
178.52.227.110 - - [02/Apr/2018:10:57:34 +0400] "GET /sales/interviewsaleorder/saleladyworkorder HTTP/1.1" 200 661
178.52.227.110 - - [02/Apr/2018:10:57:44 +0400] "GET /sales/interviewsaleorder/saleladyworkorder HTTP/1.1" 200 661
178.52.227.110 - - [02/Apr/2018:10:57:55 +0400] "GET /sales/interviewsaleorder/saleladyworkorder HTTP/1.1" 200 661
80.83.30.179 - - [02/Apr/2018:10:58:01 +0400] "GET /public/notification/page/notSeen?page=0?size=10 HTTP/1.1" 200 416
178.52.227.110 - - [02/Apr/2018:10:58:06 +0400] "GET /sales/interviewsaleorder/saleladyworkorder HTTP/1.1" 200 661
95.159.11.50 - - [02/Apr/2018:10:58:16 +0400] "GET /public/notification/page/notSeen?page=0?size=10 HTTP/1.1" 401 79
95.159.11.50 - - [02/Apr/2018:10:58:16 +0400] "GET /public/myself/ HTTP/1.1" 200 328
95.159.11.50 - - [02/Apr/2018:10:58:16 +0400] "GET /public/module/myPermissions HTTP/1.1" 200 10335
178.52.227.110 - - [02/Apr/2018:10:58:16 +0400] "GET /public/notification/page/notSeen?page=0?size=10 HTTP/1.1" 200 432
178.52.227.110 - - [02/Apr/2018:10:58:17 +0400] "GET /sales/interviewsaleorder/saleladyworkorder HTTP/1.1" 200 661
178.52.227.110 - - [02/Apr/2018:10:58:28 +0400] "GET /sales/interviewsaleorder/saleladyworkorder HTTP/1.1" 200 661
178.52.227.110 - - [02/Apr/2018:10:58:39 +0400] "GET /sales/interviewsaleorder/saleladyworkorder HTTP/1.1" 200 661
178.52.227.110 - - [02/Apr/2018:10:58:50 +0400] "GET /sales/interviewsaleorder/saleladyworkorder HTTP/1.1" 200 661
80.83.30.179 - - [02/Apr/2018:10:59:01 +0400] "GET /public/notification/page/notSeen?page=0?size=10 HTTP/1.1" 200 416
178.52.227.110 - - [02/Apr/2018:10:59:01 +0400] "GET /sales/interviewsaleorder/saleladyworkorder HTTP/1.1" 200 661
178.52.227.110 - - [02/Apr/2018:10:59:12 +0400] "OPTIONS /sales/interviewsaleorder/saleladyworkorder HTTP/1.1" 200 5
178.52.227.110 - - [02/Apr/2018:10:59:12 +0400] "GET /sales/interviewsaleorder/saleladyworkorder HTTP/1.1" 200 661
178.52.227.110 - - [02/Apr/2018:10:59:16 +0400] "GET /public/notification/page/notSeen?page=0?size=10 HTTP/1.1" 200 432
178.52.227.110 - - [02/Apr/2018:10:59:23 +0400] "GET /sales/interviewsaleorder/saleladyworkorder HTTP/1.1" 200 661
178.52.227.110 - - [02/Apr/2018:10:59:34 +0400] "GET /sales/interviewsaleorder/saleladyworkorder HTTP/1.1" 200 661
178.52.227.110 - - [02/Apr/2018:10:59:45 +0400] "GET /sales/interviewsaleorder/saleladyworkorder HTTP/1.1" 200 661
178.52.227.110 - - [02/Apr/2018:10:59:56 +0400] "GET /sales/interviewsaleorder/saleladyworkorder HTTP/1.1" 200 661
86.98.72.68 - - [02/Apr/2018:10:59:57 +0400] "OPTIONS /public/picklist/items/VideoPreferences HTTP/1.1" 200 5
86.98.72.68 - - [02/Apr/2018:10:59:57 +0400] "OPTIONS /sales/client/findclientbytoken/u86h5 HTTP/1.1" 200 5
86.98.72.68 - - [02/Apr/2018:10:59:57 +0400] "OPTIONS /public/picklist/items/MatchingType HTTP/1.1" 200 5
86.98.72.68 - - [02/Apr/2018:10:59:57 +0400] "OPTIONS /public/picklist/items/InterviewReceptionOrderDrink HTTP/1.1" 200 5
86.98.72.68 - - [02/Apr/2018:10:59:57 +0400] "GET /public/picklist/items/VideoPreferences HTTP/1.1" 200 219
86.98.72.68 - - [02/Apr/2018:10:59:57 +0400] "GET /public/picklist/items/MatchingType HTTP/1.1" 200 1045
86.98.72.68 - - [02/Apr/2018:10:59:57 +0400] "GET /sales/client/findclientbytoken/u86h5 HTTP/1.1" 200 1346
86.98.72.68 - - [02/Apr/2018:10:59:57 +0400] "GET /public/picklist/items/InterviewReceptionOrderDrink HTTP/1.1" 200 501
86.98.72.68 - - [02/Apr/2018:10:59:57 +0400] "OPTIONS /sales/matchedvideos/getmatchedmaids/u86h5?videolist=1809 HTTP/1.1" 200 5
86.98.72.68 - - [02/Apr/2018:10:59:57 +0400] "OPTIONS /sales/matchedvideos/getmatchedmaids/u86h5 HTTP/1.1" 200 5
86.98.72.68 - - [02/Apr/2018:10:59:58 +0400] "GET /sales/matchedvideos/getmatchedmaids/u86h5?videolist=1809 HTTP/1.1" 200 49
86.98.72.68 - - [02/Apr/2018:10:59:58 +0400] "GET /sales/matchedvideos/getmatchedmaids/u86h5 HTTP/1.1" 200 10302
80.83.30.179 - - [02/Apr/2018:11:00:01 +0400] "GET /public/notification/page/notSeen?page=0?size=10 HTTP/1.1" 200 416
178.52.227.110 - - [02/Apr/2018:11:00:07 +0400] "GET /sales/interviewsaleorder/saleladyworkorder HTTP/1.1" 200 661
86.98.72.68 - - [02/Apr/2018:11:00:09 +0400] "GET /sales/matchedvideos/getmatchedmaids/u86h5 HTTP/1.1" 200 10302
94.207.81.21 - - [02/Apr/2018:11:00:16 +0400] "GET /public/picklist/items/VideoPreferences HTTP/1.1" 200 219
94.207.81.21 - - [02/Apr/2018:11:00:16 +0400] "GET /public/picklist/items/InterviewReceptionOrderDrink HTTP/1.1" 200 501
94.207.81.21 - - [02/Apr/2018:11:00:16 +0400] "GET /public/picklist/items/MatchingType HTTP/1.1" 200 1045
94.207.81.21 - - [02/Apr/2018:11:00:16 +0400] "GET /sales/client/findclientbytoken/OMseo HTTP/1.1" 200 1603
178.52.227.110 - - [02/Apr/2018:11:00:16 +0400] "GET /public/notification/page/notSeen?page=0?size=10 HTTP/1.1" 200 432
94.207.81.21 - - [02/Apr/2018:11:00:16 +0400] "GET /sales/matchedvideos/getmatchedmaids/OMseo?videolist=1809 HTTP/1.1" 200 49
94.207.81.21 - - [02/Apr/2018:11:00:17 +0400] "GET /sales/matchedvideos/getmatchedmaids/OMseo HTTP/1.1" 200 8249
178.52.227.110 - - [02/Apr/2018:11:00:18 +0400] "GET /sales/interviewsaleorder/saleladyworkorder HTTP/1.1" 200 661
94.207.81.21 - - [02/Apr/2018:11:00:19 +0400] "OPTIONS /public/picklist/items/VideoPreferences HTTP/1.1" 200 5
94.207.81.21 - - [02/Apr/2018:11:00:19 +0400] "OPTIONS /public/picklist/items/MatchingType HTTP/1.1" 200 5
94.207.81.21 - - [02/Apr/2018:11:00:19 +0400] "OPTIONS /public/picklist/items/InterviewReceptionOrderDrink HTTP/1.1" 200 5
94.207.81.21 - - [02/Apr/2018:11:00:19 +0400] "OPTIONS /sales/client/findclientbytoken/OMseo HTTP/1.1" 200 5
94.207.81.21 - - [02/Apr/2018:11:00:19 +0400] "GET /public/picklist/items/VideoPreferences HTTP/1.1" 200 219
94.207.81.21 - - [02/Apr/2018:11:00:19 +0400] "GET /public/picklist/items/InterviewReceptionOrderDrink HTTP/1.1" 200 501
94.207.81.21 - - [02/Apr/2018:11:00:19 +0400] "GET /public/picklist/items/MatchingType HTTP/1.1" 200 1045
94.207.81.21 - - [02/Apr/2018:11:00:19 +0400] "GET /sales/client/findclientbytoken/OMseo HTTP/1.1" 200 1603
94.207.81.21 - - [02/Apr/2018:11:00:19 +0400] "OPTIONS /sales/matchedvideos/getmatchedmaids/OMseo?videolist=1809 HTTP/1.1" 200 5
94.207.81.21 - - [02/Apr/2018:11:00:19 +0400] "OPTIONS /sales/matchedvideos/getmatchedmaids/OMseo HTTP/1.1" 200 5
94.207.81.21 - - [02/Apr/2018:11:00:19 +0400] "GET /sales/matchedvideos/getmatchedmaids/OMseo?videolist=1809 HTTP/1.1" 200 49
94.207.81.21 - - [02/Apr/2018:11:00:20 +0400] "GET /sales/matchedvideos/getmatchedmaids/OMseo HTTP/1.1" 200 8249
178.52.227.110 - - [02/Apr/2018:11:00:29 +0400] "GET /sales/interviewsaleorder/saleladyworkorder HTTP/1.1" 200 661
178.52.227.110 - - [02/Apr/2018:11:00:40 +0400] "GET /sales/interviewsaleorder/saleladyworkorder HTTP/1.1" 200 661
178.52.227.110 - - [02/Apr/2018:11:00:51 +0400] "GET /sales/interviewsaleorder/saleladyworkorder HTTP/1.1" 200 661
46.53.13.65 - - [02/Apr/2018:11:00:51 +0400] "GET /public/notification/page/notSeen?page=0?size=10 HTTP/1.1" 200 451
80.83.30.179 - - [02/Apr/2018:11:01:01 +0400] "GET /public/notification/page/notSeen?page=0?size=10 HTTP/1.1" 200 416
178.52.227.110 - - [02/Apr/2018:11:01:02 +0400] "GET /sales/interviewsaleorder/saleladyworkorder HTTP/1.1" 200 661
178.52.227.110 - - [02/Apr/2018:11:01:13 +0400] "GET /sales/interviewsaleorder/saleladyworkorder HTTP/1.1" 200 661
178.52.227.110 - - [02/Apr/2018:11:01:16 +0400] "GET /public/notification/page/notSeen?page=0?size=10 HTTP/1.1" 200 432
178.52.227.110 - - [02/Apr/2018:11:01:24 +0400] "GET /sales/interviewsaleorder/saleladyworkorder HTTP/1.1" 200 661
178.52.227.110 - - [02/Apr/2018:11:01:35 +0400] "GET /sales/interviewsaleorder/saleladyworkorder HTTP/1.1" 200 661
178.52.227.110 - - [02/Apr/2018:11:01:46 +0400] "GET /sales/interviewsaleorder/saleladyworkorder HTTP/1.1" 200 661
178.52.227.110 - - [02/Apr/2018:11:01:57 +0400] "GET /sales/interviewsaleorder/saleladyworkorder HTTP/1.1" 200 661
80.83.30.179 - - [02/Apr/2018:11:02:01 +0400] "GET /public/notification/page/notSeen?page=0?size=10 HTTP/1.1" 200 416
178.52.227.110 - - [02/Apr/2018:11:02:08 +0400] "GET /sales/interviewsaleorder/saleladyworkorder HTTP/1.1" 200 661
178.52.227.110 - - [02/Apr/2018:11:02:16 +0400] "GET /public/notification/page/notSeen?page=0?size=10 HTTP/1.1" 200 432
178.52.227.110 - - [02/Apr/2018:11:02:19 +0400] "GET /sales/interviewsaleorder/saleladyworkorder HTTP/1.1" 200 661
178.52.227.110 - - [02/Apr/2018:11:02:30 +0400] "GET /sales/interviewsaleorder/saleladyworkorder HTTP/1.1" 200 661
46.53.13.65 - - [02/Apr/2018:11:02:38 +0400] "OPTIONS /public/notification/page/notSeen?page=0?size=10 HTTP/1.1" 200 5
46.53.13.65 - - [02/Apr/2018:11:02:38 +0400] "GET /public/notification/page/notSeen?page=0?size=10 HTTP/1.1" 200 451
178.52.227.110 - - [02/Apr/2018:11:02:41 +0400] "GET /sales/interviewsaleorder/saleladyworkorder HTTP/1.1" 200 661
178.52.227.110 - - [02/Apr/2018:11:02:52 +0400] "GET /sales/interviewsaleorder/saleladyworkorder HTTP/1.1" 200 661
80.83.30.179 - - [02/Apr/2018:11:03:01 +0400] "OPTIONS /public/notification/page/notSeen?page=0?size=10 HTTP/1.1" 200 5
80.83.30.179 - - [02/Apr/2018:11:03:01 +0400] "GET /public/notification/page/notSeen?page=0?size=10 HTTP/1.1" 200 416
178.52.227.110 - - [02/Apr/2018:11:03:03 +0400] "GET /sales/interviewsaleorder/saleladyworkorder HTTP/1.1" 200 661
178.52.227.110 - - [02/Apr/2018:11:03:14 +0400] "GET /sales/interviewsaleorder/saleladyworkorder HTTP/1.1" 200 662
178.52.227.110 - - [02/Apr/2018:11:03:16 +0400] "GET /public/notification/page/notSeen?page=0?size=10 HTTP/1.1" 200 432
178.52.227.110 - - [02/Apr/2018:11:03:25 +0400] "GET /sales/interviewsaleorder/saleladyworkorder HTTP/1.1" 200 662
178.52.227.110 - - [02/Apr/2018:11:03:36 +0400] "GET /sales/interviewsaleorder/saleladyworkorder HTTP/1.1" 200 662
178.52.227.110 - - [02/Apr/2018:11:03:48 +0400] "GET /sales/interviewsaleorder/saleladyworkorder HTTP/1.1" 200 662
178.52.227.110 - - [02/Apr/2018:11:03:58 +0400] "GET /sales/interviewsaleorder/saleladyworkorder HTTP/1.1" 200 662
80.83.30.179 - - [02/Apr/2018:11:04:01 +0400] "GET /public/notification/page/notSeen?page=0?size=10 HTTP/1.1" 200 416
178.52.227.110 - - [02/Apr/2018:11:04:09 +0400] "GET /sales/interviewsaleorder/saleladyworkorder HTTP/1.1" 200 660
178.52.227.110 - - [02/Apr/2018:11:04:16 +0400] "GET /public/notification/page/notSeen?page=0?size=10 HTTP/1.1" 200 432
178.52.227.110 - - [02/Apr/2018:11:04:20 +0400] "GET /sales/interviewsaleorder/saleladyworkorder HTTP/1.1" 200 660
178.52.227.110 - - [02/Apr/2018:11:04:31 +0400] "GET /sales/interviewsaleorder/saleladyworkorder HTTP/1.1" 200 660
178.52.227.110 - - [02/Apr/2018:11:04:42 +0400] "GET /sales/interviewsaleorder/saleladyworkorder HTTP/1.1" 200 660
178.52.227.110 - - [02/Apr/2018:11:04:53 +0400] "GET /sales/interviewsaleorder/saleladyworkorder HTTP/1.1" 200 660
80.83.30.179 - - [02/Apr/2018:11:05:01 +0400] "GET /public/notification/page/notSeen?page=0?size=10 HTTP/1.1" 200 416
178.52.227.110 - - [02/Apr/2018:11:05:04 +0400] "GET /sales/interviewsaleorder/saleladyworkorder HTTP/1.1" 200 660
46.53.13.65 - - [02/Apr/2018:11:05:08 +0400] "GET /public/notification/page/notSeen?page=0?size=10 HTTP/1.1" 200 451
178.52.227.110 - - [02/Apr/2018:11:05:15 +0400] "GET /sales/interviewsaleorder/saleladyworkorder HTTP/1.1" 200 661
178.52.227.110 - - [02/Apr/2018:11:05:15 +0400] "OPTIONS /public/notification/page/notSeen?page=0?size=10 HTTP/1.1" 200 5
178.52.227.110 - - [02/Apr/2018:11:05:16 +0400] "GET /public/notification/page/notSeen?page=0?size=10 HTTP/1.1" 200 432
178.52.227.110 - - [02/Apr/2018:11:05:26 +0400] "GET /sales/interviewsaleorder/saleladyworkorder HTTP/1.1" 200 661
178.52.227.110 - - [02/Apr/2018:11:05:37 +0400] "GET /sales/interviewsaleorder/saleladyworkorder HTTP/1.1" 200 661
178.52.227.110 - - [02/Apr/2018:11:05:48 +0400] "GET /sales/interviewsaleorder/saleladyworkorder HTTP/1.1" 200 661
178.52.227.110 - - [02/Apr/2018:11:05:59 +0400] "GET /sales/interviewsaleorder/saleladyworkorder HTTP/1.1" 200 661
80.83.30.179 - - [02/Apr/2018:11:06:01 +0400] "GET /public/notification/page/notSeen?page=0?size=10 HTTP/1.1" 200 416
178.52.227.110 - - [02/Apr/2018:11:06:10 +0400] "GET /sales/interviewsaleorder/saleladyworkorder HTTP/1.1" 200 661
178.52.227.110 - - [02/Apr/2018:11:06:16 +0400] "GET /public/notification/page/notSeen?page=0?size=10 HTTP/1.1" 200 432
178.52.227.110 - - [02/Apr/2018:11:06:21 +0400] "GET /sales/interviewsaleorder/saleladyworkorder HTTP/1.1" 200 661
5.254.65.25 - - [02/Apr/2018:11:06:24 +0400] "GET /sales/client/findclientbytoken/NRXxO HTTP/1.1" 200 798
80.83.30.179 - - [02/Apr/2018:11:06:27 +0400] "OPTIONS /public/module/myPermissions HTTP/1.1" 200 5
80.83.30.179 - - [02/Apr/2018:11:06:27 +0400] "OPTIONS /public/notification/page/notSeen?page=0?size=10 HTTP/1.1" 200 5
80.83.30.179 - - [02/Apr/2018:11:06:27 +0400] "OPTIONS /public/myself/ HTTP/1.1" 200 5
80.83.30.179 - - [02/Apr/2018:11:06:27 +0400] "GET /public/notification/page/notSeen?page=0?size=10 HTTP/1.1" 200 416
80.83.30.179 - - [02/Apr/2018:11:06:27 +0400] "GET /public/myself/ HTTP/1.1" 200 503
80.83.30.179 - - [02/Apr/2018:11:06:27 +0400] "GET /public/module/myPermissions HTTP/1.1" 200 10245
178.52.227.110 - - [02/Apr/2018:11:06:32 +0400] "GET /sales/interviewsaleorder/saleladyworkorder HTTP/1.1" 200 661
178.52.227.110 - - [02/Apr/2018:11:06:43 +0400] "GET /sales/interviewsaleorder/saleladyworkorder HTTP/1.1" 200 661
178.52.227.110 - - [02/Apr/2018:11:06:54 +0400] "GET /sales/interviewsaleorder/saleladyworkorder HTTP/1.1" 200 661
80.83.30.179 - - [02/Apr/2018:11:07:01 +0400] "GET /public/notification/page/notSeen?page=0?size=10 HTTP/1.1" 200 416
178.52.227.110 - - [02/Apr/2018:11:07:05 +0400] "GET /sales/interviewsaleorder/saleladyworkorder HTTP/1.1" 200 661
178.52.227.110 - - [02/Apr/2018:11:07:16 +0400] "GET /public/notification/page/notSeen?page=0?size=10 HTTP/1.1" 200 432
178.52.227.110 - - [02/Apr/2018:11:07:16 +0400] "GET /sales/interviewsaleorder/saleladyworkorder HTTP/1.1" 200 661
80.83.30.179 - - [02/Apr/2018:11:07:21 +0400] "OPTIONS /accounting//OfficestaffPayroll/filterOfficeStaff?page=0&size=20 HTTP/1.1" 200 5
80.83.30.179 - - [02/Apr/2018:11:07:22 +0400] "POST /accounting//OfficestaffPayroll/filterOfficeStaff?page=0&size=20 HTTP/1.1" 200 1464
80.83.30.179 - - [02/Apr/2018:11:07:23 +0400] "OPTIONS /accounting/OfficestaffPayroll/4 HTTP/1.1" 200 5
80.83.30.179 - - [02/Apr/2018:11:07:24 +0400] "GET /accounting/OfficestaffPayroll/4 HTTP/1.1" 200 628
80.83.30.179 - - [02/Apr/2018:11:07:24 +0400] "GET /accounting/OfficestaffPayroll/4 HTTP/1.1" 200 628
178.52.227.110 - - [02/Apr/2018:11:07:27 +0400] "GET /sales/interviewsaleorder/saleladyworkorder HTTP/1.1" 200 661
80.83.30.179 - - [02/Apr/2018:11:07:28 +0400] "OPTIONS /public/notification/page/notSeen?page=0?size=10 HTTP/1.1" 200 5
80.83.30.179 - - [02/Apr/2018:11:07:28 +0400] "GET /public/notification/page/notSeen?page=0?size=10 HTTP/1.1" 200 416
178.52.227.110 - - [02/Apr/2018:11:07:38 +0400] "GET /sales/interviewsaleorder/saleladyworkorder HTTP/1.1" 200 661
94.47.23.195 - - [02/Apr/2018:11:07:43 +0400] "OPTIONS /public/module/myPermissions HTTP/1.1" 200 5
94.47.23.195 - - [02/Apr/2018:11:07:43 +0400] "OPTIONS /public/notification/page/notSeen?page=0?size=10 HTTP/1.1" 200 5
94.47.23.195 - - [02/Apr/2018:11:07:43 +0400] "OPTIONS /public/myself/ HTTP/1.1" 200 5
94.47.23.195 - - [02/Apr/2018:11:07:43 +0400] "GET /public/myself/ HTTP/1.1" 200 408
94.47.23.195 - - [02/Apr/2018:11:07:43 +0400] "GET /public/notification/page/notSeen?page=0?size=10 HTTP/1.1" 200 451
94.47.23.195 - - [02/Apr/2018:11:07:43 +0400] "GET /public/module/myPermissions HTTP/1.1" 200 10245
178.52.227.110 - - [02/Apr/2018:11:07:49 +0400] "GET /sales/interviewsaleorder/saleladyworkorder HTTP/1.1" 200 661
178.52.227.110 - - [02/Apr/2018:11:08:00 +0400] "GET /sales/interviewsaleorder/saleladyworkorder HTTP/1.1" 200 661
80.83.30.179 - - [02/Apr/2018:11:08:01 +0400] "GET /public/notification/page/notSeen?page=0?size=10 HTTP/1.1" 200 416
94.47.23.195 - - [02/Apr/2018:11:08:06 +0400] "OPTIONS /accounting/pwo/officeStaffPwo?type=Ansari_International&date=2018-03-01 HTTP/1.1" 200 5
46.53.13.65 - - [02/Apr/2018:11:08:06 +0400] "GET /public/notification/page/notSeen?page=0?size=10 HTTP/1.1" 200 451
94.47.23.195 - - [02/Apr/2018:11:08:09 +0400] "GET /accounting/pwo/officeStaffPwo?type=Ansari_International&date=2018-03-01 HTTP/1.1" 200 14374
178.52.227.110 - - [02/Apr/2018:11:08:11 +0400] "GET /sales/interviewsaleorder/saleladyworkorder HTTP/1.1" 200 661
5.254.65.25 - - [02/Apr/2018:11:08:16 +0400] "OPTIONS /public/login HTTP/1.1" 200 5
178.52.227.110 - - [02/Apr/2018:11:08:16 +0400] "GET /public/notification/page/notSeen?page=0?size=10 HTTP/1.1" 200 432
5.254.65.25 - - [02/Apr/2018:11:08:16 +0400] "GET /public/login HTTP/1.1" 200 345
5.254.65.25 - - [02/Apr/2018:11:08:17 +0400] "OPTIONS /public/module/myPermissions HTTP/1.1" 200 5
5.254.65.25 - - [02/Apr/2018:11:08:17 +0400] "OPTIONS /public/notification/page/notSeen?page=0?size=10 HTTP/1.1" 200 5
5.254.65.25 - - [02/Apr/2018:11:08:18 +0400] "OPTIONS /public/myself/ HTTP/1.1" 200 5
5.254.65.25 - - [02/Apr/2018:11:08:18 +0400] "GET /public/module/myPermissions HTTP/1.1" 200 10245
5.254.65.25 - - [02/Apr/2018:11:08:18 +0400] "GET /public/notification/page/notSeen?page=0?size=10 HTTP/1.1" 200 424
5.254.65.25 - - [02/Apr/2018:11:08:18 +0400] "GET /public/myself/ HTTP/1.1" 200 345
178.52.227.110 - - [02/Apr/2018:11:08:22 +0400] "GET /sales/interviewsaleorder/saleladyworkorder HTTP/1.1" 200 661
80.83.30.179 - - [02/Apr/2018:11:08:28 +0400] "GET /public/notification/page/notSeen?page=0?size=10 HTTP/1.1" 200 416
178.52.227.110 - - [02/Apr/2018:11:08:33 +0400] "GET /sales/interviewsaleorder/saleladyworkorder HTTP/1.1" 200 661
94.47.23.195 - - [02/Apr/2018:11:08:43 +0400] "OPTIONS /public/notification/page/notSeen?page=0?size=10 HTTP/1.1" 200 5
94.47.23.195 - - [02/Apr/2018:11:08:43 +0400] "GET /public/notification/page/notSeen?page=0?size=10 HTTP/1.1" 200 451
178.52.227.110 - - [02/Apr/2018:11:08:44 +0400] "GET /sales/interviewsaleorder/saleladyworkorder HTTP/1.1" 200 661
178.52.227.110 - - [02/Apr/2018:11:08:55 +0400] "GET /sales/interviewsaleorder/saleladyworkorder HTTP/1.1" 200 661
80.83.30.179 - - [02/Apr/2018:11:09:01 +0400] "GET /public/notification/page/notSeen?page=0?size=10 HTTP/1.1" 200 416
178.52.227.110 - - [02/Apr/2018:11:09:06 +0400] "GET /sales/interviewsaleorder/saleladyworkorder HTTP/1.1" 200 661
178.52.227.110 - - [02/Apr/2018:11:09:16 +0400] "GET /public/notification/page/notSeen?page=0?size=10 HTTP/1.1" 200 432
178.52.227.110 - - [02/Apr/2018:11:09:17 +0400] "OPTIONS /sales/interviewsaleorder/saleladyworkorder HTTP/1.1" 200 5
178.52.227.110 - - [02/Apr/2018:11:09:17 +0400] "GET /sales/interviewsaleorder/saleladyworkorder HTTP/1.1" 200 660
5.254.65.25 - - [02/Apr/2018:11:09:20 +0400] "OPTIONS /public/notification/page/notSeen?page=0?size=10 HTTP/1.1" 200 5
5.254.65.25 - - [02/Apr/2018:11:09:21 +0400] "GET /public/notification/page/notSeen?page=0?size=10 HTTP/1.1" 200 424
80.83.30.179 - - [02/Apr/2018:11:09:28 +0400] "GET /public/notification/page/notSeen?page=0?size=10 HTTP/1.1" 200 416
178.52.227.110 - - [02/Apr/2018:11:09:28 +0400] "GET /sales/interviewsaleorder/saleladyworkorder HTTP/1.1" 200 660
178.52.227.110 - - [02/Apr/2018:11:09:39 +0400] "GET /sales/interviewsaleorder/saleladyworkorder HTTP/1.1" 200 660
94.47.23.195 - - [02/Apr/2018:11:09:44 +0400] "GET /public/notification/page/notSeen?page=0?size=10 HTTP/1.1" 200 451
178.52.227.110 - - [02/Apr/2018:11:09:50 +0400] "GET /sales/interviewsaleorder/saleladyworkorder HTTP/1.1" 200 660
80.83.30.179 - - [02/Apr/2018:11:10:01 +0400] "GET /public/notification/page/notSeen?page=0?size=10 HTTP/1.1" 200 416
178.52.227.110 - - [02/Apr/2018:11:10:01 +0400] "GET /sales/interviewsaleorder/saleladyworkorder HTTP/1.1" 200 660
178.52.227.110 - - [02/Apr/2018:11:10:12 +0400] "GET /sales/interviewsaleorder/saleladyworkorder HTTP/1.1" 200 661
178.52.227.110 - - [02/Apr/2018:11:10:16 +0400] "GET /public/notification/page/notSeen?page=0?size=10 HTTP/1.1" 200 432
5.254.65.25 - - [02/Apr/2018:11:10:19 +0400] "GET /public/notification/page/notSeen?page=0?size=10 HTTP/1.1" 200 424
178.52.227.110 - - [02/Apr/2018:11:10:23 +0400] "GET /sales/interviewsaleorder/saleladyworkorder HTTP/1.1" 200 661
80.83.30.179 - - [02/Apr/2018:11:10:28 +0400] "GET /public/notification/page/notSeen?page=0?size=10 HTTP/1.1" 200 416
178.52.227.110 - - [02/Apr/2018:11:10:34 +0400] "GET /sales/interviewsaleorder/saleladyworkorder HTTP/1.1" 200 661
94.47.23.195 - - [02/Apr/2018:11:10:44 +0400] "GET /public/notification/page/notSeen?page=0?size=10 HTTP/1.1" 200 451
178.52.227.110 - - [02/Apr/2018:11:10:45 +0400] "GET /sales/interviewsaleorder/saleladyworkorder HTTP/1.1" 200 661
178.52.227.110 - - [02/Apr/2018:11:10:56 +0400] "GET /sales/interviewsaleorder/saleladyworkorder HTTP/1.1" 200 661
80.83.30.179 - - [02/Apr/2018:11:11:01 +0400] "GET /public/notification/page/notSeen?page=0?size=10 HTTP/1.1" 200 416
178.52.227.110 - - [02/Apr/2018:11:11:07 +0400] "GET /sales/interviewsaleorder/saleladyworkorder HTTP/1.1" 200 661
178.52.227.110 - - [02/Apr/2018:11:11:16 +0400] "GET /public/notification/page/notSeen?page=0?size=10 HTTP/1.1" 200 432
178.52.227.110 - - [02/Apr/2018:11:11:18 +0400] "GET /sales/interviewsaleorder/saleladyworkorder HTTP/1.1" 200 661
5.254.65.25 - - [02/Apr/2018:11:11:19 +0400] "GET /public/notification/page/notSeen?page=0?size=10 HTTP/1.1" 200 424
80.83.30.179 - - [02/Apr/2018:11:11:28 +0400] "GET /public/notification/page/notSeen?page=0?size=10 HTTP/1.1" 200 416
178.52.227.110 - - [02/Apr/2018:11:11:29 +0400] "GET /sales/interviewsaleorder/saleladyworkorder HTTP/1.1" 200 661
178.52.227.110 - - [02/Apr/2018:11:11:40 +0400] "GET /sales/interviewsaleorder/saleladyworkorder HTTP/1.1" 200 661
94.47.23.195 - - [02/Apr/2018:11:11:44 +0400] "GET /public/notification/page/notSeen?page=0?size=10 HTTP/1.1" 200 451
46.53.13.65 - - [02/Apr/2018:11:11:46 +0400] "GET /public/notification/page/notSeen?page=0?size=10 HTTP/1.1" 200 451
178.52.227.110 - - [02/Apr/2018:11:11:51 +0400] "GET /sales/interviewsaleorder/saleladyworkorder HTTP/1.1" 200 661
80.83.30.179 - - [02/Apr/2018:11:12:01 +0400] "GET /public/notification/page/notSeen?page=0?size=10 HTTP/1.1" 200 416
178.52.227.110 - - [02/Apr/2018:11:12:02 +0400] "GET /sales/interviewsaleorder/saleladyworkorder HTTP/1.1" 200 661
178.52.227.110 - - [02/Apr/2018:11:12:13 +0400] "GET /sales/interviewsaleorder/saleladyworkorder HTTP/1.1" 200 661
178.52.227.110 - - [02/Apr/2018:11:12:16 +0400] "GET /public/notification/page/notSeen?page=0?size=10 HTTP/1.1" 200 432
5.254.65.25 - - [02/Apr/2018:11:12:19 +0400] "GET /public/notification/page/notSeen?page=0?size=10 HTTP/1.1" 200 424
178.52.227.110 - - [02/Apr/2018:11:12:24 +0400] "GET /sales/interviewsaleorder/saleladyworkorder HTTP/1.1" 200 661
80.83.30.179 - - [02/Apr/2018:11:12:28 +0400] "GET /public/notification/page/notSeen?page=0?size=10 HTTP/1.1" 200 416
178.52.227.110 - - [02/Apr/2018:11:12:35 +0400] "GET /sales/interviewsaleorder/saleladyworkorder HTTP/1.1" 200 661
94.47.23.195 - - [02/Apr/2018:11:12:44 +0400] "GET /public/notification/page/notSeen?page=0?size=10 HTTP/1.1" 200 451
178.52.227.110 - - [02/Apr/2018:11:12:46 +0400] "GET /sales/interviewsaleorder/saleladyworkorder HTTP/1.1" 200 661
178.52.227.110 - - [02/Apr/2018:11:12:57 +0400] "GET /sales/interviewsaleorder/saleladyworkorder HTTP/1.1" 200 661
80.83.30.179 - - [02/Apr/2018:11:13:01 +0400] "GET /public/notification/page/notSeen?page=0?size=10 HTTP/1.1" 200 416
178.52.227.110 - - [02/Apr/2018:11:13:08 +0400] "GET /sales/interviewsaleorder/saleladyworkorder HTTP/1.1" 200 661
178.52.227.110 - - [02/Apr/2018:11:13:16 +0400] "GET /public/notification/page/notSeen?page=0?size=10 HTTP/1.1" 200 432
178.52.227.110 - - [02/Apr/2018:11:13:19 +0400] "GET /sales/interviewsaleorder/saleladyworkorder HTTP/1.1" 200 661
